Component: ARM Compiler 5.06 update 6 (build 750) Tool: armlink [4d35ed]

==============================================================================

Section Cross References

    startup_stm32f303xc.o(RESET) refers to startup_stm32f303xc.o(STACK) for __initial_sp
    startup_stm32f303xc.o(RESET) refers to startup_stm32f303xc.o(.text) for Reset_Handler
    startup_stm32f303xc.o(RESET) refers to stm32f3xx_it.o(i.NMI_Handler) for NMI_Handler
    startup_stm32f303xc.o(RESET) refers to stm32f3xx_it.o(i.HardFault_Handler) for HardFault_Handler
    startup_stm32f303xc.o(RESET) refers to stm32f3xx_it.o(i.MemManage_Handler) for MemManage_Handler
    startup_stm32f303xc.o(RESET) refers to stm32f3xx_it.o(i.BusFault_Handler) for BusFault_Handler
    startup_stm32f303xc.o(RESET) refers to stm32f3xx_it.o(i.UsageFault_Handler) for UsageFault_Handler
    startup_stm32f303xc.o(RESET) refers to port.o(.emb_text) for SVC_Handler
    startup_stm32f303xc.o(RESET) refers to stm32f3xx_it.o(i.DebugMon_Handler) for DebugMon_Handler
    startup_stm32f303xc.o(RESET) refers to stm32f3xx_it.o(i.SysTick_Handler) for SysTick_Handler
    startup_stm32f303xc.o(RESET) refers to stm32f3xx_it.o(i.USB_LP_CAN_RX0_IRQHandler) for USB_LP_CAN_RX0_IRQHandler
    startup_stm32f303xc.o(RESET) refers to stm32f3xx_it.o(i.TIM2_IRQHandler) for TIM2_IRQHandler
    startup_stm32f303xc.o(RESET) refers to initmain.o(i.USART1_IRQHandler) for USART1_IRQHandler
    startup_stm32f303xc.o(RESET) refers to stm32f3xx_it.o(i.USART2_IRQHandler) for USART2_IRQHandler
    startup_stm32f303xc.o(RESET) refers to initmain.o(i.USART3_IRQHandler) for USART3_IRQHandler
    startup_stm32f303xc.o(RESET) refers to initmain.o(i.TIM7_IRQHandler) for TIM7_IRQHandler
    startup_stm32f303xc.o(.text) refers to system_stm32f3xx.o(i.SystemInit) for SystemInit
    startup_stm32f303xc.o(.text) refers to entry.o(.ARM.Collect$$$$00000000) for __main
    initmain.o(i.AngleCalcTask) refers to stm32f3_discovery_accelerometer.o(i.BSP_ACCELERO_Init) for BSP_ACCELERO_Init
    initmain.o(i.AngleCalcTask) refers to stm32f3_discovery_gyroscope.o(i.BSP_GYRO_Init) for BSP_GYRO_Init
    initmain.o(i.AngleCalcTask) refers to lldrivers.o(i.init_PWMTimers) for init_PWMTimers
    initmain.o(i.AngleCalcTask) refers to stm32f3xx_hal_tim.o(i.HAL_TIM_Base_Start_IT) for HAL_TIM_Base_Start_IT
    initmain.o(i.AngleCalcTask) refers to cmsis_os.o(i.osDelay) for osDelay
    initmain.o(i.AngleCalcTask) refers to lldrivers.o(i.GanttDebug) for GanttDebug
    initmain.o(i.AngleCalcTask) refers to lldrivers.o(i.getAccelAngle) for getAccelAngle
    initmain.o(i.AngleCalcTask) refers to lldrivers.o(i.calculatePID) for calculatePID
    initmain.o(i.AngleCalcTask) refers to lldrivers.o(i.stateManage) for stateManage
    initmain.o(i.AngleCalcTask) refers to lldrivers.o(i.setMotorCmd) for setMotorCmd
    initmain.o(i.AngleCalcTask) refers to stm32f3xx_hal_gpio.o(i.HAL_GPIO_TogglePin) for HAL_GPIO_TogglePin
    initmain.o(i.AngleCalcTask) refers to main.o(.bss) for htim7
    initmain.o(i.AngleCalcTask) refers to initmain.o(.data) for yaw
    initmain.o(i.AngleCalcTask) refers to initmain.o(.bss) for stCurrentState
    initmain.o(i.HAL_UART_ErrorCallback) refers to memseta.o(.text) for __aeabi_memclr4
    initmain.o(i.HAL_UART_ErrorCallback) refers to stm32f3xx_hal_uart.o(i.HAL_UART_Receive_IT) for HAL_UART_Receive_IT
    initmain.o(i.HAL_UART_ErrorCallback) refers to main.o(.bss) for huart1
    initmain.o(i.HAL_UART_ErrorCallback) refers to initmain.o(.bss) for RXBuf
    initmain.o(i.HAL_UART_RxCpltCallback) refers to memcpya.o(.text) for __aeabi_memcpy4
    initmain.o(i.HAL_UART_RxCpltCallback) refers to stm32f3xx_hal_uart.o(i.HAL_UART_Receive_IT) for HAL_UART_Receive_IT
    initmain.o(i.HAL_UART_RxCpltCallback) refers to memseta.o(.text) for __aeabi_memclr4
    initmain.o(i.HAL_UART_RxCpltCallback) refers to main.o(.bss) for huart1
    initmain.o(i.HAL_UART_RxCpltCallback) refers to initmain.o(.bss) for RXBuf
    initmain.o(i.StartDefaultTask) refers to cmsis_os.o(i.osThreadGetId) for osThreadGetId
    initmain.o(i.StartDefaultTask) refers to usb_device.o(i.MX_USB_DEVICE_Init) for MX_USB_DEVICE_Init
    initmain.o(i.StartDefaultTask) refers to lldrivers.o(i.enableLeftMDriver) for enableLeftMDriver
    initmain.o(i.StartDefaultTask) refers to lldrivers.o(i.enableRightMDriver) for enableRightMDriver
    initmain.o(i.StartDefaultTask) refers to lldrivers.o(i.setStepperMotorMode) for setStepperMotorMode
    initmain.o(i.StartDefaultTask) refers to lldrivers.o(i.initialiseParam) for initialiseParam
    initmain.o(i.StartDefaultTask) refers to stm32f3xx_hal_uart.o(i.HAL_UART_Receive_IT) for HAL_UART_Receive_IT
    initmain.o(i.StartDefaultTask) refers to lldrivers.o(i.GanttDebug) for GanttDebug
    initmain.o(i.StartDefaultTask) refers to stm32f3xx_hal_gpio.o(i.HAL_GPIO_TogglePin) for HAL_GPIO_TogglePin
    initmain.o(i.StartDefaultTask) refers to lldrivers.o(i.LLDriverCliMenu) for LLDriverCliMenu
[...]
    HAL_NVIC_SetPriorityGrouping             0x08002491   Thumb Code    32  stm32f3xx_hal_cortex.o(i.HAL_NVIC_SetPriorityGrouping)
    HAL_PCDEx_PMAConfig                      0x080024b9   Thumb Code    68  stm32f3xx_hal_pcd_ex.o(i.HAL_PCDEx_PMAConfig)
    HAL_PCDEx_SetConnectionState             0x080024fd   Thumb Code     2  usbd_conf.o(i.HAL_PCDEx_SetConnectionState)
    HAL_PCD_DataInStageCallback              0x080024ff   Thumb Code    32  usbd_conf.o(i.HAL_PCD_DataInStageCallback)
    HAL_PCD_DataOutStageCallback             0x0800251f   Thumb Code    32  usbd_conf.o(i.HAL_PCD_DataOutStageCallback)
    HAL_PCD_EP_Close                         0x0800253f   Thumb Code   690  stm32f3xx_hal_pcd.o(i.HAL_PCD_EP_Close)
    HAL_PCD_EP_ClrStall                      0x080027f1   Thumb Code   288  stm32f3xx_hal_pcd.o(i.HAL_PCD_EP_ClrStall)
    HAL_PCD_EP_GetRxCount                    0x08002911   Thumb Code    24  stm32f3xx_hal_pcd.o(i.HAL_PCD_EP_GetRxCount)
    HAL_PCD_EP_Open                          0x08002929   Thumb Code  1314  stm32f3xx_hal_pcd.o(i.HAL_PCD_EP_Open)
    HAL_PCD_EP_Receive                       0x08002e4b   Thumb Code   320  stm32f3xx_hal_pcd.o(i.HAL_PCD_EP_Receive)
    HAL_PCD_EP_SetStall                      0x08002f8b   Thumb Code   234  stm32f3xx_hal_pcd.o(i.HAL_PCD_EP_SetStall)
    HAL_PCD_EP_Transmit                      0x08003075   Thumb Code   284  stm32f3xx_hal_pcd.o(i.HAL_PCD_EP_Transmit)
    HAL_PCD_IRQHandler                       0x08003191   Thumb Code   322  stm32f3xx_hal_pcd.o(i.HAL_PCD_IRQHandler)
    HAL_PCD_Init                             0x080032d3   Thumb Code   278  stm32f3xx_hal_pcd.o(i.HAL_PCD_Init)
    HAL_PCD_MspInit                          0x080033e9   Thumb Code    94  usbd_conf.o(i.HAL_PCD_MspInit)
    HAL_PCD_ResetCallback                    0x08003451   Thumb Code    42  usbd_conf.o(i.HAL_PCD_ResetCallback)
    HAL_PCD_ResumeCallback                   0x0800347b   Thumb Code    14  usbd_conf.o(i.HAL_PCD_ResumeCallback)
    HAL_PCD_SOFCallback                      0x08003489   Thumb Code    14  usbd_conf.o(i.HAL_PCD_SOFCallback)
    HAL_PCD_SetAddress                       0x08003497   Thumb Code    54  stm32f3xx_hal_pcd.o(i.HAL_PCD_SetAddress)
    HAL_PCD_SetupStageCallback               0x080034cd   Thumb Code    18  usbd_conf.o(i.HAL_PCD_SetupStageCallback)
    HAL_PCD_Start                            0x080034df   Thumb Code    16  stm32f3xx_hal_pcd.o(i.HAL_PCD_Start)
    HAL_PCD_SuspendCallback                  0x080034f1   Thumb Code    30  usbd_conf.o(i.HAL_PCD_SuspendCallback)
    HAL_RCCEx_PeriphCLKConfig                0x08003515   Thumb Code   730  stm32f3xx_hal_rcc_ex.o(i.HAL_RCCEx_PeriphCLKConfig)
    HAL_RCC_ClockConfig                      0x080037fd   Thumb Code   662  stm32f3xx_hal_rcc.o(i.HAL_RCC_ClockConfig)
    HAL_RCC_GetClockConfig                   0x08003aa5   Thumb Code    58  stm32f3xx_hal_rcc.o(i.HAL_RCC_GetClockConfig)
    HAL_RCC_GetHCLKFreq                      0x08003ae9   Thumb Code     6  stm32f3xx_hal_rcc.o(i.HAL_RCC_GetHCLKFreq)
    HAL_RCC_GetPCLK1Freq                     0x08003af5   Thumb Code    36  stm32f3xx_hal_rcc.o(i.HAL_RCC_GetPCLK1Freq)
    HAL_RCC_GetPCLK2Freq                     0x08003b21   Thumb Code    36  stm32f3xx_hal_rcc.o(i.HAL_RCC_GetPCLK2Freq)
    HAL_RCC_GetSysClockFreq                  0x08003b4d   Thumb Code   120  stm32f3xx_hal_rcc.o(i.HAL_RCC_GetSysClockFreq)
    HAL_RCC_OscConfig                        0x08003bd9   Thumb Code  2554  stm32f3xx_hal_rcc.o(i.HAL_RCC_OscConfig)
    HAL_SPI_DeInit                           0x080045dd   Thumb Code    54  stm32f3xx_hal_spi.o(i.HAL_SPI_DeInit)
    HAL_SPI_GetState                         0x08004613   Thumb Code     8  stm32f3xx_hal_spi.o(i.HAL_SPI_GetState)
    HAL_SPI_Init                             0x0800461b   Thumb Code   204  stm32f3xx_hal_spi.o(i.HAL_SPI_Init)
    HAL_SPI_MspDeInit                        0x080046e9   Thumb Code    36  stm32f3xx_hal_msp.o(i.HAL_SPI_MspDeInit)
    HAL_SPI_MspInit                          0x08004715   Thumb Code    76  stm32f3xx_hal_msp.o(i.HAL_SPI_MspInit)
    HAL_SPI_TransmitReceive                  0x08004769   Thumb Code   648  stm32f3xx_hal_spi.o(i.HAL_SPI_TransmitReceive)
    HAL_SYSTICK_CLKSourceConfig              0x080049f1   Thumb Code    40  stm32f3xx_hal_cortex.o(i.HAL_SYSTICK_CLKSourceConfig)
    HAL_SYSTICK_Config                       0x08004a19   Thumb Code    52  stm32f3xx_hal_cortex.o(i.HAL_SYSTICK_Config)
    HAL_TIMEx_Break2Callback                 0x08004a4d   Thumb Code     2  stm32f3xx_hal_tim_ex.o(i.HAL_TIMEx_Break2Callback)
    HAL_TIMEx_BreakCallback                  0x08004a4f   Thumb Code     2  stm32f3xx_hal_tim_ex.o(i.HAL_TIMEx_BreakCallback)
    HAL_TIMEx_CommutationCallback            0x08004a51   Thumb Code     2  stm32f3xx_hal_tim_ex.o(i.HAL_TIMEx_CommutationCallback)
    HAL_TIMEx_ConfigBreakDeadTime            0x08004a55   Thumb Code   182  stm32f3xx_hal_tim_ex.o(i.HAL_TIMEx_ConfigBreakDeadTime)
    HAL_TIMEx_MasterConfigSynchronization    0x08004b15   Thumb Code    98  stm32f3xx_hal_tim_ex.o(i.HAL_TIMEx_MasterConfigSynchronization)
    HAL_TIM_Base_Init                        0x08004b81   Thumb Code    52  stm32f3xx_hal_tim.o(i.HAL_TIM_Base_Init)
    HAL_TIM_Base_MspInit                     0x08004bb5   Thumb Code   130  stm32f3xx_hal_msp.o(i.HAL_TIM_Base_MspInit)
    HAL_TIM_Base_Start_IT                    0x08004c49   Thumb Code    30  stm32f3xx_hal_tim.o(i.HAL_TIM_Base_Start_IT)
    HAL_TIM_IC_CaptureCallback               0x08004c67   Thumb Code     2  stm32f3xx_hal_tim.o(i.HAL_TIM_IC_CaptureCallback)
    HAL_TIM_IRQHandler                       0x08004c69   Thumb Code   440  stm32f3xx_hal_tim.o(i.HAL_TIM_IRQHandler)
    HAL_TIM_MspPostInit                      0x08004e21   Thumb Code   188  stm32f3xx_hal_msp.o(i.HAL_TIM_MspPostInit)
    HAL_TIM_OC_DelayElapsedCallback          0x08004efd   Thumb Code     2  stm32f3xx_hal_tim.o(i.HAL_TIM_OC_DelayElapsedCallback)
    HAL_TIM_PWM_ConfigChannel                0x08004eff   Thumb Code   372  stm32f3xx_hal_tim_ex.o(i.HAL_TIM_PWM_ConfigChannel)
    HAL_TIM_PWM_Init                         0x08005073   Thumb Code    52  stm32f3xx_hal_tim.o(i.HAL_TIM_PWM_Init)
    HAL_TIM_PWM_MspInit                      0x080050a9   Thumb Code   112  stm32f3xx_hal_msp.o(i.HAL_TIM_PWM_MspInit)
    HAL_TIM_PWM_PulseFinishedCallback        0x08005129   Thumb Code     2  stm32f3xx_hal_tim.o(i.HAL_TIM_PWM_PulseFinishedCallback)
    HAL_TIM_PWM_Start                        0x0800512d   Thumb Code    92  stm32f3xx_hal_tim.o(i.HAL_TIM_PWM_Start)
    HAL_TIM_PeriodElapsedCallback            0x0800519d   Thumb Code    18  main.o(i.HAL_TIM_PeriodElapsedCallback)
    HAL_TIM_TriggerCallback                  0x080051af   Thumb Code     2  stm32f3xx_hal_tim.o(i.HAL_TIM_TriggerCallback)
    HAL_UARTEx_WakeupCallback                0x080051b1   Thumb Code     2  stm32f3xx_hal_uart_ex.o(i.HAL_UARTEx_WakeupCallback)
    HAL_UART_ErrorCallback                   0x080051b5   Thumb Code    36  initmain.o(i.HAL_UART_ErrorCallback)
    HAL_UART_IRQHandler                      0x080051e1   Thumb Code   390  stm32f3xx_hal_uart.o(i.HAL_UART_IRQHandler)
    HAL_UART_Init                            0x0800536d   Thumb Code   120  stm32f3xx_hal_uart.o(i.HAL_UART_Init)
    HAL_UART_MspInit                         0x080053e5   Thumb Code   258  stm32f3xx_hal_msp.o(i.HAL_UART_MspInit)
    HAL_UART_Receive_IT                      0x080054fd   Thumb Code   160  stm32f3xx_hal_uart.o(i.HAL_UART_Receive_IT)
    HAL_UART_RxCpltCallback                  0x0800559d   Thumb Code    50  initmain.o(i.HAL_UART_RxCpltCallback)
    HAL_UART_Transmit_IT                     0x080055dd   Thumb Code    90  stm32f3xx_hal_uart.o(i.HAL_UART_Transmit_IT)
    HAL_UART_TxCpltCallback                  0x08005637   Thumb Code     2  stm32f3xx_hal_uart.o(i.HAL_UART_TxCpltCallback)
    HardFault_Handler                        0x08005639   Thumb Code    20  stm32f3xx_it.o(i.HardFault_Handler)
    L3GD20_DisableIT                         0x08005aa5   Thumb Code    66  l3gd20.o(i.L3GD20_DisableIT)
    L3GD20_EnableIT                          0x08005ae7   Thumb Code    74  l3gd20.o(i.L3GD20_EnableIT)
    L3GD20_FilterCmd                         0x08005b31   Thumb Code    44  l3gd20.o(i.L3GD20_FilterCmd)
    L3GD20_FilterConfig                      0x08005b5d   Thumb Code    44  l3gd20.o(i.L3GD20_FilterConfig)
    L3GD20_INT1InterruptConfig               0x08005b89   Thumb Code    94  l3gd20.o(i.L3GD20_INT1InterruptConfig)
    L3GD20_Init                              0x08005be7   Thumb Code    42  l3gd20.o(i.L3GD20_Init)
    L3GD20_ReadID                            0x08005c11   Thumb Code    22  l3gd20.o(i.L3GD20_ReadID)
    L3GD20_ReadXYZAngRate                    0x08005c29   Thumb Code   232  l3gd20.o(i.L3GD20_ReadXYZAngRate)
    L3GD20_RebootCmd                         0x08005d21   Thumb Code    34  l3gd20.o(i.L3GD20_RebootCmd)
    LLDriverCliMenu                          0x08005d45   Thumb Code   916  lldrivers.o(i.LLDriverCliMenu)
    LSM303DLHC_AccClickITEnable              0x080061e5   Thumb Code    76  lsm303dlhc.o(i.LSM303DLHC_AccClickITEnable)
    LSM303DLHC_AccFilterClickCmd             0x08006231   Thumb Code    34  lsm303dlhc.o(i.LSM303DLHC_AccFilterClickCmd)
    LSM303DLHC_AccFilterCmd                  0x08006253   Thumb Code    32  lsm303dlhc.o(i.LSM303DLHC_AccFilterCmd)
    LSM303DLHC_AccFilterConfig               0x08006273   Thumb Code    32  lsm303dlhc.o(i.LSM303DLHC_AccFilterConfig)
    LSM303DLHC_AccIT1Enable                  0x08006293   Thumb Code    30  lsm303dlhc.o(i.LSM303DLHC_AccIT1Enable)
    LSM303DLHC_AccInit                       0x080062b1   Thumb Code    38  lsm303dlhc.o(i.LSM303DLHC_AccInit)
    LSM303DLHC_AccReadID                     0x080062d7   Thumb Code    22  lsm303dlhc.o(i.LSM303DLHC_AccReadID)
    LSM303DLHC_AccReadXYZ                    0x080062ed   Thumb Code   282  lsm303dlhc.o(i.LSM303DLHC_AccReadXYZ)
    LSM303DLHC_AccRebootCmd                  0x08006407   Thumb Code    28  lsm303dlhc.o(i.LSM303DLHC_AccRebootCmd)
    LSM303DLHC_AccZClickITConfig             0x08006423   Thumb Code    26  lsm303dlhc.o(i.LSM303DLHC_AccZClickITConfig)
    MX_USB_DEVICE_Init                       0x08006b41   Thumb Code    36  usb_device.o(i.MX_USB_DEVICE_Init)
    MemManage_Handler                        0x08006b75   Thumb Code    22  stm32f3xx_it.o(i.MemManage_Handler)
    NMI_Handler                              0x08006b91   Thumb Code     2  stm32f3xx_it.o(i.NMI_Handler)
    PCD_ReadPMA                              0x08006fe3   Thumb Code    78  stm32f3xx_hal_pcd_ex.o(i.PCD_ReadPMA)
    PCD_WritePMA                             0x08007031   Thumb Code    58  stm32f3xx_hal_pcd_ex.o(i.PCD_WritePMA)
    StartDefaultTask                         0x08007325   Thumb Code    80  initmain.o(i.StartDefaultTask)
    SysTick_Handler                          0x0800738d   Thumb Code     8  stm32f3xx_it.o(i.SysTick_Handler)
    SystemClock_Config                       0x08007395   Thumb Code   172  main.o(i.SystemClock_Config)
    SystemInit                               0x08007455   Thumb Code   104  system_stm32f3xx.o(i.SystemInit)
    TIM2_IRQHandler                          0x080074d1   Thumb Code    10  stm32f3xx_it.o(i.TIM2_IRQHandler)
    TIM7_IRQHandler                          0x080074e1   Thumb Code   818  initmain.o(i.TIM7_IRQHandler)
    TIM_Base_SetConfig                       0x08007871   Thumb Code   160  stm32f3xx_hal_tim.o(i.TIM_Base_SetConfig)
    TIM_CCxChannelCmd                        0x0800792d   Thumb Code    28  stm32f3xx_hal_tim.o(i.TIM_CCxChannelCmd)
    TIM_OC1_SetConfig                        0x08007949   Thumb Code   152  stm32f3xx_hal_tim.o(i.TIM_OC1_SetConfig)
    TIM_OC2_SetConfig                        0x080079f9   Thumb Code   162  stm32f3xx_hal_tim.o(i.TIM_OC2_SetConfig)
    TIM_OC3_SetConfig                        0x08007ab5   Thumb Code   160  stm32f3xx_hal_tim.o(i.TIM_OC3_SetConfig)
    TIM_OC4_SetConfig                        0x08007b6d   Thumb Code    98  stm32f3xx_hal_tim.o(i.TIM_OC4_SetConfig)
    UART_AdvFeatureConfig                    0x08007cd5   Thumb Code   248  stm32f3xx_hal_uart.o(i.UART_AdvFeatureConfig)
    UART_CheckIdleState                      0x08007dcd   Thumb Code   116  stm32f3xx_hal_uart.o(i.UART_CheckIdleState)
    UART_EndTransmit_IT                      0x08007e79   Thumb Code    32  stm32f3xx_hal_uart.o(i.UART_EndTransmit_IT)
    UART_Receive_IT                          0x08007e99   Thumb Code   138  stm32f3xx_hal_uart.o(i.UART_Receive_IT)
    UART_SetConfig                           0x08007f25   Thumb Code   716  stm32f3xx_hal_uart.o(i.UART_SetConfig)
    UART_Transmit_IT                         0x08008211   Thumb Code   106  stm32f3xx_hal_uart.o(i.UART_Transmit_IT)
    UART_WaitOnFlagUntilTimeout              0x0800827b   Thumb Code   108  stm32f3xx_hal_uart.o(i.UART_WaitOnFlagUntilTimeout)
    USART1_IRQHandler                        0x080082e9   Thumb Code    62  initmain.o(i.USART1_IRQHandler)
    USART2_IRQHandler                        0x08008335   Thumb Code    10  stm32f3xx_it.o(i.USART2_IRQHandler)
    USART3_IRQHandler                        0x08008345   Thumb Code    26  initmain.o(i.USART3_IRQHandler)
    USBD_CDC_GetDeviceQualifierDescriptor    0x0800842d   Thumb Code    10  usbd_cdc.o(i.USBD_CDC_GetDeviceQualifierDescriptor)
    USBD_CDC_ReceivePacket                   0x08008513   Thumb Code    58  usbd_cdc.o(i.USBD_CDC_ReceivePacket)
    USBD_CDC_RegisterInterface               0x0800854d   Thumb Code    14  usbd_cdc.o(i.USBD_CDC_RegisterInterface)
    USBD_CDC_SetRxBuffer                     0x0800855b   Thumb Code    14  usbd_cdc.o(i.USBD_CDC_SetRxBuffer)
    USBD_CDC_SetTxBuffer                     0x08008569   Thumb Code    20  usbd_cdc.o(i.USBD_CDC_SetTxBuffer)
    USBD_CDC_TransmitPacket                  0x0800860d   Thumb Code    56  usbd_cdc.o(i.USBD_CDC_TransmitPacket)
    USBD_ClrClassConfig                      0x08008645   Thumb Code    22  usbd_core.o(i.USBD_ClrClassConfig)
    USBD_CtlContinueRx                       0x0800869f   Thumb Code    24  usbd_ioreq.o(i.USBD_CtlContinueRx)
    USBD_CtlContinueSendData                 0x080086b7   Thumb Code    24  usbd_ioreq.o(i.USBD_CtlContinueSendData)
    USBD_CtlError                            0x080086cf   Thumb Code    24  usbd_ctlreq.o(i.USBD_CtlError)
    USBD_CtlPrepareRx                        0x080086e7   Thumb Code    40  usbd_ioreq.o(i.USBD_CtlPrepareRx)
    USBD_CtlReceiveStatus                    0x0800870f   Thumb Code    26  usbd_ioreq.o(i.USBD_CtlReceiveStatus)
    USBD_CtlSendData                         0x08008729   Thumb Code    34  usbd_ioreq.o(i.USBD_CtlSendData)
    USBD_CtlSendStatus                       0x0800874b   Thumb Code    26  usbd_ioreq.o(i.USBD_CtlSendStatus)
    USBD_FS_ConfigStrDescriptor              0x08008765   Thumb Code    34  usbd_desc.o(i.USBD_FS_ConfigStrDescriptor)
    USBD_FS_DeviceDescriptor                 0x08008799   Thumb Code    10  usbd_desc.o(i.USBD_FS_DeviceDescriptor)
    USBD_FS_InterfaceStrDescriptor           0x080087a9   Thumb Code    34  usbd_desc.o(i.USBD_FS_InterfaceStrDescriptor)
    USBD_FS_LangIDStrDescriptor              0x080087e1   Thumb Code    10  usbd_desc.o(i.USBD_FS_LangIDStrDescriptor)
    USBD_FS_ManufacturerStrDescriptor        0x080087f1   Thumb Code    20  usbd_desc.o(i.USBD_FS_ManufacturerStrDescriptor)
    USBD_FS_ProductStrDescriptor             0x0800881d   Thumb Code    34  usbd_desc.o(i.USBD_FS_ProductStrDescriptor)
    USBD_FS_SerialStrDescriptor              0x0800885d   Thumb Code    34  usbd_desc.o(i.USBD_FS_SerialStrDescriptor)
    USBD_GetString                           0x08008a85   Thumb Code    82  usbd_ctlreq.o(i.USBD_GetString)
    USBD_Init                                0x08008ad7   Thumb Code    50  usbd_core.o(i.USBD_Init)
    USBD_LL_ClearStallEP                     0x08008b09   Thumb Code    68  usbd_conf.o(i.USBD_LL_ClearStallEP)
    USBD_LL_CloseEP                          0x08008b4d   Thumb Code    68  usbd_conf.o(i.USBD_LL_CloseEP)
    USBD_LL_DataInStage                      0x08008b91   Thumb Code   218  usbd_core.o(i.USBD_LL_DataInStage)
    USBD_LL_DataOutStage                     0x08008c6b   Thumb Code   134  usbd_core.o(i.USBD_LL_DataOutStage)
    USBD_LL_GetRxDataSize                    0x08008cf1   Thumb Code    18  usbd_conf.o(i.USBD_LL_GetRxDataSize)
    USBD_LL_Init                             0x08008d05   Thumb Code   136  usbd_conf.o(i.USBD_LL_Init)
    USBD_LL_IsStallEP                        0x08008da9   Thumb Code    56  usbd_conf.o(i.USBD_LL_IsStallEP)
    USBD_LL_OpenEP                           0x08008de1   Thumb Code    98  usbd_conf.o(i.USBD_LL_OpenEP)
    USBD_LL_PrepareReceive                   0x08008e43   Thumb Code    98  usbd_conf.o(i.USBD_LL_PrepareReceive)
    USBD_LL_Reset                            0x08008ea5   Thumb Code    68  usbd_core.o(i.USBD_LL_Reset)
    USBD_LL_Resume                           0x08008ee9   Thumb Code    14  usbd_core.o(i.USBD_LL_Resume)
    USBD_LL_SOF                              0x08008ef7   Thumb Code    34  usbd_core.o(i.USBD_LL_SOF)
    USBD_LL_SetSpeed                         0x08008f19   Thumb Code     8  usbd_core.o(i.USBD_LL_SetSpeed)
    USBD_LL_SetUSBAddress                    0x08008f21   Thumb Code    68  usbd_conf.o(i.USBD_LL_SetUSBAddress)
    USBD_LL_SetupStage                       0x08008f65   Thumb Code   110  usbd_core.o(i.USBD_LL_SetupStage)
    USBD_LL_StallEP                          0x08008fd3   Thumb Code    68  usbd_conf.o(i.USBD_LL_StallEP)
    USBD_LL_Start                            0x08009017   Thumb Code    60  usbd_conf.o(i.USBD_LL_Start)
    USBD_LL_Suspend                          0x08009053   Thumb Code    20  usbd_core.o(i.USBD_LL_Suspend)
    USBD_LL_Transmit                         0x08009067   Thumb Code    98  usbd_conf.o(i.USBD_LL_Transmit)
    USBD_ParseSetupRequest                   0x080090c9   Thumb Code    40  usbd_ctlreq.o(i.USBD_ParseSetupRequest)
    USBD_RegisterClass                       0x080090f1   Thumb Code    16  usbd_core.o(i.USBD_RegisterClass)
    USBD_RunTestMode                         0x08009101   Thumb Code     6  usbd_core.o(i.USBD_RunTestMode)
    USBD_SetClassConfig                      0x0800915b   Thumb Code    34  usbd_core.o(i.USBD_SetClassConfig)
    USBD_Start                               0x08009281   Thumb Code    14  usbd_core.o(i.USBD_Start)
    USBD_StdDevReq                           0x0800928f   Thumb Code   114  usbd_ctlreq.o(i.USBD_StdDevReq)
    USBD_StdEPReq                            0x08009301   Thumb Code   342  usbd_ctlreq.o(i.USBD_StdEPReq)
    USBD_StdItfReq                           0x08009457   Thumb Code    74  usbd_ctlreq.o(i.USBD_StdItfReq)
    USBD_static_free                         0x080094a1   Thumb Code     2  usbd_conf.o(i.USBD_static_free)
    USBD_static_malloc                       0x080094a5   Thumb Code     6  usbd_conf.o(i.USBD_static_malloc)
    USB_LP_CAN_RX0_IRQHandler                0x080094b1   Thumb Code    10  stm32f3xx_it.o(i.USB_LP_CAN_RX0_IRQHandler)
    UsageFault_Handler                       0x080094c1   Thumb Code    22  stm32f3xx_it.o(i.UsageFault_Handler)
    _Error_Handler                           0x080094dd   Thumb Code    34  main.o(i._Error_Handler)
    __0printf                                0x0800952d   Thumb Code    22  printfa.o(i.__0printf)
    __1printf                                0x0800952d   Thumb Code     0  printfa.o(i.__0printf)
    __2printf                                0x0800952d   Thumb Code     0  printfa.o(i.__0printf)
    __c89printf                              0x0800952d   Thumb Code     0  printfa.o(i.__0printf)
    printf                                   0x0800952d   Thumb Code     0  printfa.o(i.__0printf)
    __0sprintf                               0x0800954d   Thumb Code    34  printfa.o(i.__0sprintf)
    __1sprintf                               0x0800954d   Thumb Code     0  printfa.o(i.__0sprintf)
    __2sprintf                               0x0800954d   Thumb Code     0  printfa.o(i.__0sprintf)
    __c89sprintf                             0x0800954d   Thumb Code     0  printfa.o(i.__0sprintf)
    sprintf                                  0x0800954d   Thumb Code     0  printfa.o(i.__0sprintf)
    __ARM_fpclassify                         0x08009575   Thumb Code    48  fpclassify.o(i.__ARM_fpclassify)
    __aeabi_errno_addr                       0x080095dd   Thumb Code     4  errno.o(i.__aeabi_errno_addr)
    __rt_errno_addr                          0x080095dd   Thumb Code     0  errno.o(i.__aeabi_errno_addr)
    __hardfp_atan                            0x080095e9   Thumb Code   622  atan.o(i.__hardfp_atan)
    __hardfp_atof                            0x080098c1   Thumb Code    44  atof.o(i.__hardfp_atof)
    __hardfp_sqrt                            0x080098f9   Thumb Code   122  sqrt.o(i.__hardfp_sqrt)
    __kernel_poly                            0x08009973   Thumb Code   248  poly.o(i.__kernel_poly)
    __mathlib_dbl_infnan                     0x08009a6b   Thumb Code    20  dunder.o(i.__mathlib_dbl_infnan)
    __mathlib_dbl_underflow                  0x08009a81   Thumb Code    24  dunder.o(i.__mathlib_dbl_underflow)
    __read_errno                             0x08009aa1   Thumb Code     6  errno.o(i.__read_errno)
    __scatterload_copy                       0x08009aad   Thumb Code    14  handlers.o(i.__scatterload_copy)
    __scatterload_null                       0x08009abb   Thumb Code     2  handlers.o(i.__scatterload_null)
    __scatterload_zeroinit                   0x08009abd   Thumb Code    14  handlers.o(i.__scatterload_zeroinit)
    __set_errno                              0x08009acd   Thumb Code     6  errno.o(i.__set_errno)
    _is_digit                                0x08009c5d   Thumb Code    14  scanf_fp.o(i._is_digit)
    calculatePID                             0x0800a3a5   Thumb Code   302  lldrivers.o(i.calculatePID)
    debugPrint                               0x0800a4f9   Thumb Code    92  lldrivers.o(i.debugPrint)
    enableLeftMDriver                        0x0800a579   Thumb Code    32  lldrivers.o(i.enableLeftMDriver)
    enableRightMDriver                       0x0800a59d   Thumb Code    34  lldrivers.o(i.enableRightMDriver)
    fabs                                     0x0800a5bf   Thumb Code    24  fabs.o(i.fabs)
    fputc                                    0x0800a5d9   Thumb Code    24  main.o(i.fputc)
    getAccelAngle                            0x0800a5f5   Thumb Code   432  lldrivers.o(i.getAccelAngle)
    init_PWMTimers                           0x0800a7d1   Thumb Code    36  lldrivers.o(i.init_PWMTimers)
    initialiseParam                          0x0800a805   Thumb Code    70  lldrivers.o(i.initialiseParam)
    main                                     0x0800a875   Thumb Code   136  main.o(i.main)
    osDelay                                  0x0800a91b   Thumb Code    24  cmsis_os.o(i.osDelay)
    osKernelStart                            0x0800a933   Thumb Code    10  cmsis_os.o(i.osKernelStart)
    osSystickHandler                         0x0800a93d   Thumb Code    16  cmsis_os.o(i.osSystickHandler)
    osThreadCreate                           0x0800a94d   Thumb Code    48  cmsis_os.o(i.osThreadCreate)
    osThreadGetId                            0x0800a97d   Thumb Code     8  cmsis_os.o(i.osThreadGetId)
    printSerial                              0x0800a985   Thumb Code    68  initmain.o(i.printSerial)
    pvPortMalloc                             0x0800ae39   Thumb Code   296  heap_4.o(i.pvPortMalloc)
    pxPortInitialiseStack                    0x0800af75   Thumb Code    38  port.o(i.pxPortInitialiseStack)
    setLeftStepperDir                        0x0800afa1   Thumb Code    32  lldrivers.o(i.setLeftStepperDir)
    setLeftStepperMode                       0x0800afc5   Thumb Code   184  lldrivers.o(i.setLeftStepperMode)
    setMotorCmd                              0x0800b081   Thumb Code   308  lldrivers.o(i.setMotorCmd)
    setRightStepperDir                       0x0800b1d9   Thumb Code    30  lldrivers.o(i.setRightStepperDir)
    setRightStepperMode                      0x0800b1fd   Thumb Code   194  lldrivers.o(i.setRightStepperMode)
    setStepperAngleDir                       0x0800b2c9   Thumb Code    52  lldrivers.o(i.setStepperAngleDir)
    setStepperMotorMode                      0x0800b2fd   Thumb Code    18  lldrivers.o(i.setStepperMotorMode)
    stateManage                              0x0800b311   Thumb Code   202  lldrivers.o(i.stateManage)
    uxListRemove                             0x0800b415   Thumb Code    40  list.o(i.uxListRemove)
    vListInitialise                          0x0800b43d   Thumb Code    26  list.o(i.vListInitialise)
    vListInitialiseItem                      0x0800b457   Thumb Code     6  list.o(i.vListInitialiseItem)
    vListInsert                              0x0800b45d   Thumb Code    52  list.o(i.vListInsert)
    vListInsertEnd                           0x0800b491   Thumb Code    24  list.o(i.vListInsertEnd)
    vPortEnterCritical                       0x0800b4a9   Thumb Code    76  port.o(i.vPortEnterCritical)
    vPortExitCritical                        0x0800b4fd   Thumb Code    56  port.o(i.vPortExitCritical)
    vPortFree                                0x0800b539   Thumb Code   140  heap_4.o(i.vPortFree)
    vPortSetupTimerInterrupt                 0x0800b5cd   Thumb Code    26  port.o(i.vPortSetupTimerInterrupt)
    vTaskDelay                               0x0800b5ed   Thumb Code    82  tasks.o(i.vTaskDelay)
    vTaskStartScheduler                      0x0800b649   Thumb Code   108  tasks.o(i.vTaskStartScheduler)
    vTaskSuspendAll                          0x0800b6d1   Thumb Code    12  tasks.o(i.vTaskSuspendAll)
    vTaskSwitchContext                       0x0800b6e1   Thumb Code   118  tasks.o(i.vTaskSwitchContext)
    xPortStartScheduler                      0x0800b76d   Thumb Code   288  port.o(i.xPortStartScheduler)
    xPortSysTickHandler                      0x0800b8a9   Thumb Code    46  port.o(i.xPortSysTickHandler)
    xTaskCreate                              0x0800b8dd   Thumb Code    96  tasks.o(i.xTaskCreate)
    xTaskGetCurrentTaskHandle                0x0800b93d   Thumb Code     6  tasks.o(i.xTaskGetCurrentTaskHandle)
    xTaskGetSchedulerState                   0x0800b949   Thumb Code    24  tasks.o(i.xTaskGetSchedulerState)
    xTaskIncrementTick                       0x0800b969   Thumb Code   282  tasks.o(i.xTaskIncrementTick)
    xTaskResumeAll                           0x0800bab1   Thumb Code   224  tasks.o(i.xTaskResumeAll)
    aPLLMULFactorTable                       0x0800bbf0   Data          16  stm32f3xx_hal_rcc.o(.constdata)
    aPredivFactorTable                       0x0800bc00   Data          16  stm32f3xx_hal_rcc.o(.constdata)
    AHBPrescTable                            0x0800bc10   Data          16  system_stm32f3xx.o(.constdata)
    APBPrescTable                            0x0800bc20   Data           8  system_stm32f3xx.o(.constdata)
    __ctype_table                            0x0800bcc0   Data         129  ctype_o.o(.constdata)
    Region$$Table$$Base                      0x0800bdd0   Number         0  anon$$obj.o(Region$$Table)
    Region$$Table$$Limit                     0x0800bdf0   Number         0  anon$$obj.o(Region$$Table)
    PrintserialID                            0x20000000   Data           4  initmain.o(.data)
    defaultTaskID                            0x20000004   Data           4  initmain.o(.data)
    Alpha                                    0x20000008   Data           4  initmain.o(.data)
    GyroDrift                                0x2000000c   Data           4  initmain.o(.data)
    sum1                                     0x20000018   Data           4  initmain.o(.data)
    sum2                                     0x2000001c   Data           4  initmain.o(.data)
    AOA                                      0x20000020   Data           4  initmain.o(.data)
    e_CurrState                              0x20000024   Data           1  initmain.o(.data)
    e_CurrSubState                           0x20000025   Data           1  initmain.o(.data)
    os_mailQ_cb_object_pool_qCMD             0x20000028   Data           4  initmain.o(.data)
    object_pool_q_idCMD                      0x2000002c   Data           4  initmain.o(.data)
    xval                                     0x20000030   Data           2  initmain.o(.data)
    yval                                     0x20000032   Data           2  initmain.o(.data)
    zval                                     0x20000034   Data           2  initmain.o(.data)
    yaw                                      0x20000038   Data           4  initmain.o(.data)
    AVGYaw                                   0x2000003c   Data           4  initmain.o(.data)
    Xval                                     0x20000040   Data           4  initmain.o(.data)
    Yval                                     0x20000044   Data           4  initmain.o(.data)
    Yval1                                    0x20000048   Data           4  initmain.o(.data)
    Zval                                     0x2000004c   Data           4  initmain.o(.data)
    Xval1                                    0x20000050   Data           4  initmain.o(.data)
    CMD_Angle                                0x20000054   Data           4  initmain.o(.data)
    Angle                                    0x20000058   Data           4  initmain.o(.data)
    enableMotors                             0x2000005c   Data           1  initmain.o(.data)
    CALL_angle                               0x20000060   Data           4  initmain.o(.data)
    reeinitfilter                            0x20000064   Data           1  initmain.o(.data)
    i                                        0x20000068   Data           4  initmain.o(.data)
    xAcc                                     0x20000088   Data           8  lldrivers.o(.data)
    yAcc                                     0x20000090   Data           8  lldrivers.o(.data)
    zAcc                                     0x20000098   Data           8  lldrivers.o(.data)
    nxAcc                                    0x200000a0   Data           8  lldrivers.o(.data)
    nyAcc                                    0x200000a8   Data           8  lldrivers.o(.data)
    nzAcc                                    0x200000b0   Data           8  lldrivers.o(.data)
    b_DebugEnabled                           0x200000b8   Data           1  lldrivers.o(.data)
    b_Reeinitialise                          0x200000b9   Data           1  lldrivers.o(.data)
    error                                    0x200000bc   Data           4  lldrivers.o(.data)
    PID_Output                               0x200000c0   Data           4  lldrivers.o(.data)
    speed                                    0x200000c8   Data           4  lldrivers.o(.data)
    fyaw                                     0x200000cc   Data           4  lldrivers.o(.data)
    defaultTaskHandle                        0x20000108   Data           4  main.o(.data)
    AngleCalcTaskHandle                      0x2000010c   Data           4  main.o(.data)
    printSerialHandle                        0x20000110   Data           4  main.o(.data)
    FS_Desc                                  0x20000114   Data          28  usbd_desc.o(.data)
    USBD_FS_DeviceDesc                       0x20000130   Data          18  usbd_desc.o(.data)
    USBD_LangIDDesc                          0x20000144   Data           4  usbd_desc.o(.data)
    USBD_Interface_fops_FS                   0x20000148   Data          16  usbd_cdc_if.o(.data)
    uwTick                                   0x20000158   Data           4  stm32f3xx_hal.o(.data)
    uwTickPrio                               0x2000015c   Data           4  stm32f3xx_hal.o(.data)
    uwTickFreq                               0x20000160   Data           1  stm32f3xx_hal.o(.data)
    SystemCoreClock                          0x20000164   Data           4  system_stm32f3xx.o(.data)
    L3gd20Drv                                0x20000168   Data          44  l3gd20.o(.data)
    Lsm303dlhcDrv                            0x20000194   Data          44  lsm303dlhc.o(.data)
    tmpreg2A                                 0x200001c0   Data           8  lsm303dlhc.o(.data)
    tmpreg3A                                 0x200001c8   Data           1  lsm303dlhc.o(.data)
    tmpregcfgA                               0x200001c9   Data           1  lsm303dlhc.o(.data)
    LED_PORT                                 0x200001d4   Data          32  stm32f3_discovery.o(.data)
    BUTTON_PORT                              0x200001f4   Data           4  stm32f3_discovery.o(.data)
    SpixTimeout                              0x200001f8   Data           4  stm32f3_discovery.o(.data)
    I2cxTimeout                              0x200001fc   Data           4  stm32f3_discovery.o(.data)
    pxCurrentTCB                             0x20000200   Data           4  tasks.o(.data)
    USBD_CDC                                 0x20000270   Data          56  usbd_cdc.o(.data)
    USBD_CDC_CfgHSDesc                       0x200002a8   Data          67  usbd_cdc.o(.data)
    USBD_CDC_CfgFSDesc                       0x200002ec   Data          67  usbd_cdc.o(.data)
    USBD_CDC_OtherSpeedCfgDesc               0x20000330   Data          67  usbd_cdc.o(.data)
    __stdout                                 0x20000374   Data           4  stdout.o(.data)
    DataBuf                                  0x2000037c   Data          20  initmain.o(.bss)
    RXBuf                                    0x20000390   Data          20  initmain.o(.bss)
    stCurrentState                           0x200003a4   Data          20  initmain.o(.bss)
    Buffer                                   0x200003b8   Data          12  initmain.o(.bss)
    bfr                                      0x200003c4   Data          10  initmain.o(.bss)
    hi2c1                                    0x20001694   Data          76  main.o(.bss)
    hspi1                                    0x200016e0   Data         100  main.o(.bss)
    htim3                                    0x20001744   Data          64  main.o(.bss)
    htim4                                    0x20001784   Data          64  main.o(.bss)
    htim15                                   0x200017c4   Data          64  main.o(.bss)
    htim16                                   0x20001804   Data          64  main.o(.bss)
    htim17                                   0x20001844   Data          64  main.o(.bss)
    htim7                                    0x20001884   Data          64  main.o(.bss)
    huart1                                   0x200018c4   Data         112  main.o(.bss)
    huart2                                   0x20001934   Data         112  main.o(.bss)
    huart3                                   0x200019a4   Data         112  main.o(.bss)
    hUsbDeviceFS                             0x20001a14   Data         548  usb_device.o(.bss)
    hpcd_USB_FS                              0x20001c38   Data         936  usbd_conf.o(.bss)
    USBD_StrDesc                             0x20002200   Data         512  usbd_desc.o(.bss)
    UserRxBufferFS                           0x20002400   Data        1000  usbd_cdc_if.o(.bss)
    UserTxBufferFS                           0x200027e8   Data        1000  usbd_cdc_if.o(.bss)
    htim2                                    0x20002bd0   Data          64  stm32f3xx_hal_timebase_tim.o(.bss)
    __initial_sp                             0x20003db0   Data           0  startup_stm32f303xc.o(STACK)



==============================================================================

Memory Map of the image

  Image Entry point : 0x08000189

  Load Region LR_IROM1 (Base: 0x08000000, Size: 0x0000c16c, Max: 0x00040000, ABSOLUTE, COMPRESSED[0x0000bf0c])

    Execution Region ER_IROM1 (Exec base: 0x08000000, Load base: 0x08000000, Size: 0x0000bdf0, Max: 0x00040000, ABSOLUTE)

    Exec Addr    Load Addr    Size         Type   Attr      Idx    E Section Name        Object

    0x08000000   0x08000000   0x00000188   Data   RO            3    RESET               startup_stm32f303xc.o
    0x08000188   0x08000188   0x00000000   Code   RO         6687  * .ARM.Collect$$$$00000000  mc_w.l(entry.o)
    0x08000188   0x08000188   0x00000004   Code   RO         7010    .ARM.Collect$$$$00000001  mc_w.l(entry2.o)
    0x0800018c   0x0800018c   0x00000004   Code   RO         7013    .ARM.Collect$$$$00000004  mc_w.l(entry5.o)
    0x08000190   0x08000190   0x00000000   Code   RO         7015    .ARM.Collect$$$$00000008  mc_w.l(entry7b.o)
    0x08000190   0x08000190   0x00000000   Code   RO         7017    .ARM.Collect$$$$0000000A  mc_w.l(entry8b.o)
    0x08000190   0x08000190   0x00000008   Code   RO         7018    .ARM.Collect$$$$0000000B  mc_w.l(entry9a.o)
    0x08000198   0x08000198   0x00000000   Code   RO         7020    .ARM.Collect$$$$0000000D  mc_w.l(entry10a.o)
    0x08000198   0x08000198   0x00000000   Code   RO         7022    .ARM.Collect$$$$0000000F  mc_w.l(entry11a.o)
    0x08000198   0x08000198   0x00000004   Code   RO         7011    .ARM.Collect$$$$00002712  mc_w.l(entry2.o)
    0x0800019c   0x0800019c   0x000000ba   Code   RO         6097    .emb_text           port.o
    0x08000256   0x08000256   0x00000002   PAD
    0x08000258   0x08000258   0x00000024   Code   RO            4    .text               startup_stm32f303xc.o
    0x0800027c   0x0800027c   0x00000020   Code   RO         6697    .text               mc_w.l(llushr.o)
    0x0800029c   0x0800029c   0x00000024   Code   RO         6699    .text               mc_w.l(memcpya.o)
    0x080002c0   0x080002c0   0x00000024   Code   RO         6701    .text               mc_w.l(memseta.o)
    0x080002e4   0x080002e4   0x0000000e   Code   RO         6703    .text               mc_w.l(strlen.o)
    0x080002f2   0x080002f2   0x0000001a   Code   RO         6968    .text               mc_w.l(atoi.o)
    0x0800030c   0x0800030c   0x0000014e   Code   RO         6970    .text               mf_w.l(dadd.o)
    0x0800045a   0x0800045a   0x000000e4   Code   RO         6972    .text               mf_w.l(dmul.o)
    0x0800053e   0x0800053e   0x000000de   Code   RO         6974    .text               mf_w.l(ddiv.o)
    0x0800061c   0x0800061c   0x00000022   Code   RO         6976    .text               mf_w.l(dflti.o)
    0x0800063e   0x0800063e   0x00000032   Code   RO         6978    .text               mf_w.l(dfixui.o)
    0x08000670   0x08000670   0x00000026   Code   RO         6980    .text               mf_w.l(f2d.o)
    0x08000696   0x08000696   0x00000002   PAD
    0x08000698   0x08000698   0x00000030   Code   RO         6982    .text               mf_w.l(cdcmple.o)
    0x080006c8   0x080006c8   0x00000038   Code   RO         6984    .text               mf_w.l(d2f.o)
    0x08000700   0x08000700   0x0000002c   Code   RO         7024    .text               mc_w.l(uidiv.o)
    0x0800072c   0x0800072c   0x00000062   Code   RO         7026    .text               mc_w.l(uldiv.o)
    0x0800078e   0x0800078e   0x0000001e   Code   RO         7028    .text               mc_w.l(llshl.o)
    0x080007ac   0x080007ac   0x00000024   Code   RO         7030    .text               mc_w.l(llsshr.o)
    0x080007d0   0x080007d0   0x0000009c   Code   RO         7039    .text               mc_w.l(strtod.o)
    0x0800086c   0x0800086c   0x00000070   Code   RO         7041    .text               mc_w.l(strtol.o)
    0x080008dc   0x080008dc   0x00000000   Code   RO         7043    .text               mc_w.l(iusefp.o)
    0x080008dc   0x080008dc   0x0000006e   Code   RO         7044    .text               mf_w.l(fepilogue.o)
    0x0800094a   0x0800094a   0x000000ba   Code   RO         7046    .text               mf_w.l(depilogue.o)
    0x08000a04   0x08000a04   0x000000a2   Code   RO         7050    .text               mf_w.l(dsqrt.o)
    0x08000aa6   0x08000aa6   0x00000030   Code   RO         7052    .text               mf_w.l(dfixul.o)
    0x08000ad6   0x08000ad6   0x00000002   PAD
    0x08000ad8   0x08000ad8   0x00000030   Code   RO         7054    .text               mf_w.l(cdrcmple.o)
    0x08000b08   0x08000b08   0x00000024   Code   RO         7056    .text               mc_w.l(init.o)
    0x08000b2c   0x08000b2c   0x00000008   Code   RO         7060    .text               mc_w.l(ctype_o.o)
    0x08000b34   0x08000b34   0x00000012   Code   RO         7082    .text               mc_w.l(isspace_o.o)
    0x08000b46   0x08000b46   0x00000002   PAD
    0x08000b48   0x08000b48   0x00000360   Code   RO         7088    .text               mc_w.l(scanf_fp.o)
    0x08000ea8   0x08000ea8   0x00000040   Code   RO         7092    .text               mc_w.l(_sgetc.o)
    0x08000ee8   0x08000ee8   0x0000009e   Code   RO         7094    .text               mc_w.l(_strtoul.o)
    0x08000f86   0x08000f86   0x0000001c   Code   RO         7099    .text               mc_w.l(_chval.o)
    0x08000fa2   0x08000fa2   0x00000018   Code   RO         7101    .text               mf_w.l(dfltul.o)
    0x08000fba   0x08000fba   0x00000056   Code   RO         7111    .text               mc_w.l(__dczerorl2.o)
    0x08001010   0x08001010   0x00000074   Code   RO          306    i.AVG               lldrivers.o
    0x08001084   0x08001084   0x000000c4   Code   RO          307    i.AVGOAVG           lldrivers.o
    0x08001148   0x08001148   0x00000074   Code   RO          309    i.AccelAVGX         lldrivers.o
    0x080011bc   0x080011bc   0x00000074   Code   RO          310    i.AccelAVGY         lldrivers.o
    0x08001230   0x08001230   0x00000074   Code   RO          311    i.AccelAVGZ         lldrivers.o
    0x080012a4   0x080012a4   0x0000006c   Code   RO          312    i.AllLedSetState    lldrivers.o
    0x08001310   0x08001310   0x000000ec   Code   RO           13    i.AngleCalcTask     initmain.o
    0x080013fc   0x080013fc   0x0000001c   Code   RO         4837    i.BSP_ACCELERO_GetXYZ  stm32f3_discovery_accelerometer.o
    0x08001418   0x08001418   0x000000c0   Code   RO         4838    i.BSP_ACCELERO_Init  stm32f3_discovery_accelerometer.o
    0x080014d8   0x080014d8   0x0000001c   Code   RO         4877    i.BSP_GYRO_GetXYZ   stm32f3_discovery_gyroscope.o
    0x080014f4   0x080014f4   0x000000b8   Code   RO         4879    i.BSP_GYRO_Init     stm32f3_discovery_gyroscope.o
    0x080015ac   0x080015ac   0x0000001c   Code   RO          982    i.BusFault_Handler  stm32f3xx_it.o
    0x080015c8   0x080015c8   0x00000044   Code   RO          930    i.CDC_Control_FS    usbd_cdc_if.o
    0x0800160c   0x0800160c   0x00000004   Code   RO          931    i.CDC_DeInit_FS     usbd_cdc_if.o
    0x08001610   0x08001610   0x00000024   Code   RO          932    i.CDC_Init_FS       usbd_cdc_if.o
    0x08001634   0x08001634   0x00000058   Code   RO          933    i.CDC_Receive_FS    usbd_cdc_if.o
    0x0800168c   0x0800168c   0x00000038   Code   RO          934    i.CDC_Transmit_FS   usbd_cdc_if.o
    0x080016c4   0x080016c4   0x00000058   Code   RO         4942    i.COMPASSACCELERO_IO_ITConfig  stm32f3_discovery.o
    0x0800171c   0x0800171c   0x00000088   Code   RO         4943    i.COMPASSACCELERO_IO_Init  stm32f3_discovery.o
    0x080017a4   0x080017a4   0x00000010   Code   RO         4944    i.COMPASSACCELERO_IO_Read  stm32f3_discovery.o
    0x080017b4   0x080017b4   0x00000014   Code   RO         4945    i.COMPASSACCELERO_IO_Write  stm32f3_discovery.o
    0x080017c8   0x080017c8   0x00000002   Code   RO          983    i.DebugMon_Handler  stm32f3xx_it.o
    0x080017ca   0x080017ca   0x00000002   PAD
    0x080017cc   0x080017cc   0x00000088   Code   RO         4946    i.GYRO_IO_Init      stm32f3_discovery.o
    0x08001854   0x08001854   0x0000004c   Code   RO         4947    i.GYRO_IO_Read      stm32f3_discovery.o
    0x080018a0   0x080018a0   0x00000044   Code   RO         4948    i.GYRO_IO_Write     stm32f3_discovery.o
    0x080018e4   0x080018e4   0x0000005c   Code   RO          313    i.GanttDebug        lldrivers.o
    0x08001940   0x08001940   0x00000058   Code   RO         4024    i.HAL_DMA_Abort_IT  stm32f3xx_hal_dma.o
    0x08001998   0x08001998   0x00000028   Code   RO         3641    i.HAL_Delay         stm32f3xx_hal.o
    0x080019c0   0x080019c0   0x0000011c   Code   RO         3955    i.HAL_GPIO_DeInit   stm32f3xx_hal_gpio.o
    0x08001adc   0x08001adc   0x000001cc   Code   RO         3958    i.HAL_GPIO_Init     stm32f3xx_hal_gpio.o
    0x08001ca8   0x08001ca8   0x00000008   Code   RO         3961    i.HAL_GPIO_TogglePin  stm32f3xx_hal_gpio.o
    0x08001cb0   0x08001cb0   0x0000000a   Code   RO         3962    i.HAL_GPIO_WritePin  stm32f3xx_hal_gpio.o
    0x08001cba   0x08001cba   0x00000002   PAD
    0x08001cbc   0x08001cbc   0x0000000c   Code   RO         3645    i.HAL_GetTick       stm32f3xx_hal.o
    0x08001cc8   0x08001cc8   0x0000006a   Code   RO         2293    i.HAL_I2CEx_ConfigAnalogFilter  stm32f3xx_hal_i2c_ex.o
    0x08001d32   0x08001d32   0x0000006a   Code   RO         2294    i.HAL_I2CEx_ConfigDigitalFilter  stm32f3xx_hal_i2c_ex.o
    0x08001d9c   0x08001d9c   0x0000003c   Code   RO         1867    i.HAL_I2C_DeInit    stm32f3xx_hal_i2c.o
    0x08001dd8   0x08001dd8   0x00000008   Code   RO         1875    i.HAL_I2C_GetState  stm32f3xx_hal_i2c.o
    0x08001de0   0x08001de0   0x000000c4   Code   RO         1876    i.HAL_I2C_Init      stm32f3xx_hal_i2c.o
    0x08001ea4   0x08001ea4   0x000001bc   Code   RO         1892    i.HAL_I2C_Mem_Read  stm32f3xx_hal_i2c.o
    0x08002060   0x08002060   0x000001b8   Code   RO         1895    i.HAL_I2C_Mem_Write  stm32f3xx_hal_i2c.o
    0x08002218   0x08002218   0x00000030   Code   RO         1064    i.HAL_I2C_MspDeInit  stm32f3xx_hal_msp.o
    0x08002248   0x08002248   0x00000058   Code   RO         1065    i.HAL_I2C_MspInit   stm32f3xx_hal_msp.o
    0x080022a0   0x080022a0   0x00000018   Code   RO         3651    i.HAL_IncTick       stm32f3xx_hal.o
    0x080022b8   0x080022b8   0x00000028   Code   RO         3652    i.HAL_Init          stm32f3xx_hal.o
    0x080022e0   0x080022e0   0x00000084   Code   RO         1154    i.HAL_InitTick      stm32f3xx_hal_timebase_tim.o
    0x08002364   0x08002364   0x00000090   Code   RO         1066    i.HAL_MspInit       stm32f3xx_hal_msp.o
    0x080023f4   0x080023f4   0x00000020   Code   RO         4126    i.HAL_NVIC_EnableIRQ  stm32f3xx_hal_cortex.o
    0x08002414   0x08002414   0x0000007c   Code   RO         4132    i.HAL_NVIC_SetPriority  stm32f3xx_hal_cortex.o
    0x08002490   0x08002490   0x00000028   Code   RO         4133    i.HAL_NVIC_SetPriorityGrouping  stm32f3xx_hal_cortex.o
    0x080024b8   0x080024b8   0x00000044   Code   RO         1823    i.HAL_PCDEx_PMAConfig  stm32f3xx_hal_pcd_ex.o
    0x080024fc   0x080024fc   0x00000002   Code   RO          656    i.HAL_PCDEx_SetConnectionState  usbd_conf.o
    0x080024fe   0x080024fe   0x00000020   Code   RO          658    i.HAL_PCD_DataInStageCallback  usbd_conf.o
    0x0800251e   0x0800251e   0x00000020   Code   RO          659    i.HAL_PCD_DataOutStageCallback  usbd_conf.o
    0x0800253e   0x0800253e   0x000002b2   Code   RO         1617    i.HAL_PCD_EP_Close  stm32f3xx_hal_pcd.o
    0x080027f0   0x080027f0   0x00000120   Code   RO         1618    i.HAL_PCD_EP_ClrStall  stm32f3xx_hal_pcd.o
    0x08002910   0x08002910   0x00000018   Code   RO         1620    i.HAL_PCD_EP_GetRxCount  stm32f3xx_hal_pcd.o
    0x08002928   0x08002928   0x00000522   Code   RO         1621    i.HAL_PCD_EP_Open   stm32f3xx_hal_pcd.o
    0x08002e4a   0x08002e4a   0x00000140   Code   RO         1622    i.HAL_PCD_EP_Receive  stm32f3xx_hal_pcd.o
    0x08002f8a   0x08002f8a   0x000000ea   Code   RO         1623    i.HAL_PCD_EP_SetStall  stm32f3xx_hal_pcd.o
    0x08003074   0x08003074   0x0000011c   Code   RO         1624    i.HAL_PCD_EP_Transmit  stm32f3xx_hal_pcd.o
    0x08003190   0x08003190   0x00000142   Code   RO         1626    i.HAL_PCD_IRQHandler  stm32f3xx_hal_pcd.o
    0x080032d2   0x080032d2   0x00000116   Code   RO         1629    i.HAL_PCD_Init      stm32f3xx_hal_pcd.o
    0x080033e8   0x080033e8   0x00000068   Code   RO          664    i.HAL_PCD_MspInit   usbd_conf.o
    0x08003450   0x08003450   0x0000002a   Code   RO          665    i.HAL_PCD_ResetCallback  usbd_conf.o
    0x0800347a   0x0800347a   0x0000000e   Code   RO          666    i.HAL_PCD_ResumeCallback  usbd_conf.o
    0x08003488   0x08003488   0x0000000e   Code   RO          667    i.HAL_PCD_SOFCallback  usbd_conf.o
    0x08003496   0x08003496   0x00000036   Code   RO         1635    i.HAL_PCD_SetAddress  stm32f3xx_hal_pcd.o
    0x080034cc   0x080034cc   0x00000012   Code   RO          668    i.HAL_PCD_SetupStageCallback  usbd_conf.o
    0x080034de   0x080034de   0x00000010   Code   RO         1637    i.HAL_PCD_Start     stm32f3xx_hal_pcd.o
    0x080034ee   0x080034ee   0x00000002   PAD
    0x080034f0   0x080034f0   0x00000024   Code   RO          669    i.HAL_PCD_SuspendCallback  usbd_conf.o
    0x08003514   0x08003514   0x000002e8   Code   RO         3915    i.HAL_RCCEx_PeriphCLKConfig  stm32f3xx_hal_rcc_ex.o
    0x080037fc   0x080037fc   0x000002a8   Code   RO         3809    i.HAL_RCC_ClockConfig  stm32f3xx_hal_rcc.o
    0x08003aa4   0x08003aa4   0x00000044   Code   RO         3813    i.HAL_RCC_GetClockConfig  stm32f3xx_hal_rcc.o
    0x08003ae8   0x08003ae8   0x0000000c   Code   RO         3814    i.HAL_RCC_GetHCLKFreq  stm32f3xx_hal_rcc.o
    0x08003af4   0x08003af4   0x0000002c   Code   RO         3816    i.HAL_RCC_GetPCLK1Freq  stm32f3xx_hal_rcc.o
    0x08003b20   0x08003b20   0x0000002c   Code   RO         3817    i.HAL_RCC_GetPCLK2Freq  stm32f3xx_hal_rcc.o
    0x08003b4c   0x08003b4c   0x0000008c   Code   RO         3818    i.HAL_RCC_GetSysClockFreq  stm32f3xx_hal_rcc.o
    0x08003bd8   0x08003bd8   0x00000a04   Code   RO         3821    i.HAL_RCC_OscConfig  stm32f3xx_hal_rcc.o
    0x080045dc   0x080045dc   0x00000036   Code   RO         2353    i.HAL_SPI_DeInit    stm32f3xx_hal_spi.o
    0x08004612   0x08004612   0x00000008   Code   RO         2356    i.HAL_SPI_GetState  stm32f3xx_hal_spi.o
    0x0800461a   0x0800461a   0x000000cc   Code   RO         2358    i.HAL_SPI_Init      stm32f3xx_hal_spi.o
    0x080046e6   0x080046e6   0x00000002   PAD
    0x080046e8   0x080046e8   0x0000002c   Code   RO         1067    i.HAL_SPI_MspDeInit  stm32f3xx_hal_msp.o
    0x08004714   0x08004714   0x00000054   Code   RO         1068    i.HAL_SPI_MspInit   stm32f3xx_hal_msp.o
    0x08004768   0x08004768   0x00000288   Code   RO         2367    i.HAL_SPI_TransmitReceive  stm32f3xx_hal_spi.o
    0x080049f0   0x080049f0   0x00000028   Code   RO         4135    i.HAL_SYSTICK_CLKSourceConfig  stm32f3xx_hal_cortex.o
    0x08004a18   0x08004a18   0x00000034   Code   RO         4137    i.HAL_SYSTICK_Config  stm32f3xx_hal_cortex.o
    0x08004a4c   0x08004a4c   0x00000002   Code   RO         3355    i.HAL_TIMEx_Break2Callback  stm32f3xx_hal_tim_ex.o
    0x08004a4e   0x08004a4e   0x00000002   Code   RO         3356    i.HAL_TIMEx_BreakCallback  stm32f3xx_hal_tim_ex.o
    0x08004a50   0x08004a50   0x00000002   Code   RO         3357    i.HAL_TIMEx_CommutationCallback  stm32f3xx_hal_tim_ex.o
    0x08004a52   0x08004a52   0x00000002   PAD
    0x08004a54   0x08004a54   0x000000c0   Code   RO         3358    i.HAL_TIMEx_ConfigBreakDeadTime  stm32f3xx_hal_tim_ex.o
    0x08004b14   0x08004b14   0x0000006c   Code   RO         3374    i.HAL_TIMEx_MasterConfigSynchronization  stm32f3xx_hal_tim_ex.o
    0x08004b80   0x08004b80   0x00000034   Code   RO         2700    i.HAL_TIM_Base_Init  stm32f3xx_hal_tim.o
    0x08004bb4   0x08004bb4   0x00000094   Code   RO         1070    i.HAL_TIM_Base_MspInit  stm32f3xx_hal_msp.o
    0x08004c48   0x08004c48   0x0000001e   Code   RO         2705    i.HAL_TIM_Base_Start_IT  stm32f3xx_hal_tim.o
    0x08004c66   0x08004c66   0x00000002   Code   RO         2731    i.HAL_TIM_IC_CaptureCallback  stm32f3xx_hal_tim.o
    0x08004c68   0x08004c68   0x000001b8   Code   RO         2744    i.HAL_TIM_IRQHandler  stm32f3xx_hal_tim.o
    0x08004e20   0x08004e20   0x000000dc   Code   RO         1071    i.HAL_TIM_MspPostInit  stm32f3xx_hal_msp.o
    0x08004efc   0x08004efc   0x00000002   Code   RO         2747    i.HAL_TIM_OC_DelayElapsedCallback  stm32f3xx_hal_tim.o
    0x08004efe   0x08004efe   0x00000174   Code   RO         3394    i.HAL_TIM_PWM_ConfigChannel  stm32f3xx_hal_tim_ex.o
    0x08005072   0x08005072   0x00000034   Code   RO         2771    i.HAL_TIM_PWM_Init  stm32f3xx_hal_tim.o
    0x080050a6   0x080050a6   0x00000002   PAD
    0x080050a8   0x080050a8   0x00000080   Code   RO         1073    i.HAL_TIM_PWM_MspInit  stm32f3xx_hal_msp.o
    0x08005128   0x08005128   0x00000002   Code   RO         2774    i.HAL_TIM_PWM_PulseFinishedCallback  stm32f3xx_hal_tim.o
    0x0800512a   0x0800512a   0x00000002   PAD
    0x0800512c   0x0800512c   0x00000070   Code   RO         2775    i.HAL_TIM_PWM_Start  stm32f3xx_hal_tim.o
    0x0800519c   0x0800519c   0x00000012   Code   RO          489    i.HAL_TIM_PeriodElapsedCallback  main.o
    0x080051ae   0x080051ae   0x00000002   Code   RO         2785    i.HAL_TIM_TriggerCallback  stm32f3xx_hal_tim.o
    0x080051b0   0x080051b0   0x00000002   Code   RO         1559    i.HAL_UARTEx_WakeupCallback  stm32f3xx_hal_uart_ex.o
    0x080051b2   0x080051b2   0x00000002   PAD
    0x080051b4   0x080051b4   0x0000002c   Code   RO           14    i.HAL_UART_ErrorCallback  initmain.o
    0x080051e0   0x080051e0   0x0000018c   Code   RO         1219    i.HAL_UART_IRQHandler  stm32f3xx_hal_uart.o
    0x0800536c   0x0800536c   0x00000078   Code   RO         1220    i.HAL_UART_Init     stm32f3xx_hal_uart.o
    0x080053e4   0x080053e4   0x00000118   Code   RO         1075    i.HAL_UART_MspInit  stm32f3xx_hal_msp.o
    0x080054fc   0x080054fc   0x000000a0   Code   RO         1225    i.HAL_UART_Receive_IT  stm32f3xx_hal_uart.o
    0x0800559c   0x0800559c   0x00000040   Code   RO           15    i.HAL_UART_RxCpltCallback  initmain.o
    0x080055dc   0x080055dc   0x0000005a   Code   RO         1230    i.HAL_UART_Transmit_IT  stm32f3xx_hal_uart.o
    0x08005636   0x08005636   0x00000002   Code   RO         1231    i.HAL_UART_TxCpltCallback  stm32f3xx_hal_uart.o
    0x08005638   0x08005638   0x00000034   Code   RO          984    i.HardFault_Handler  stm32f3xx_it.o
    0x0800566c   0x0800566c   0x00000028   Code   RO         1918    i.I2C_Flush_TXDR    stm32f3xx_hal_i2c.o
    0x08005694   0x08005694   0x0000008c   Code   RO         1926    i.I2C_IsAcknowledgeFailed  stm32f3xx_hal_i2c.o
    0x08005720   0x08005720   0x00000090   Code   RO         1929    i.I2C_RequestMemoryRead  stm32f3xx_hal_i2c.o
    0x080057b0   0x080057b0   0x00000090   Code   RO         1930    i.I2C_RequestMemoryWrite  stm32f3xx_hal_i2c.o
    0x08005840   0x08005840   0x00000034   Code   RO         1933    i.I2C_TransferConfig  stm32f3xx_hal_i2c.o
    0x08005874   0x08005874   0x00000056   Code   RO         1934    i.I2C_WaitOnFlagUntilTimeout  stm32f3xx_hal_i2c.o
    0x080058ca   0x080058ca   0x00000056   Code   RO         1936    i.I2C_WaitOnSTOPFlagUntilTimeout  stm32f3xx_hal_i2c.o
    0x08005920   0x08005920   0x0000005a   Code   RO         1937    i.I2C_WaitOnTXISFlagUntilTimeout  stm32f3xx_hal_i2c.o
    0x0800597a   0x0800597a   0x00000002   PAD
    0x0800597c   0x0800597c   0x00000014   Code   RO         4949    i.I2Cx_Error        stm32f3_discovery.o
    0x08005990   0x08005990   0x00000038   Code   RO         4950    i.I2Cx_Init         stm32f3_discovery.o
    0x080059c8   0x080059c8   0x00000064   Code   RO         4951    i.I2Cx_MspInit      stm32f3_discovery.o
    0x08005a2c   0x08005a2c   0x00000040   Code   RO         4952    i.I2Cx_ReadData     stm32f3_discovery.o
    0x08005a6c   0x08005a6c   0x00000038   Code   RO         4953    i.I2Cx_WriteData    stm32f3_discovery.o
    0x08005aa4   0x08005aa4   0x00000042   Code   RO         4642    i.L3GD20_DisableIT  l3gd20.o
    0x08005ae6   0x08005ae6   0x0000004a   Code   RO         4643    i.L3GD20_EnableIT   l3gd20.o
    0x08005b30   0x08005b30   0x0000002c   Code   RO         4644    i.L3GD20_FilterCmd  l3gd20.o
    0x08005b5c   0x08005b5c   0x0000002c   Code   RO         4645    i.L3GD20_FilterConfig  l3gd20.o
    0x08005b88   0x08005b88   0x0000005e   Code   RO         4647    i.L3GD20_INT1InterruptConfig  l3gd20.o
    0x08005be6   0x08005be6   0x0000002a   Code   RO         4648    i.L3GD20_Init       l3gd20.o
    0x08005c10   0x08005c10   0x00000016   Code   RO         4649    i.L3GD20_ReadID     l3gd20.o
    0x08005c26   0x08005c26   0x00000002   PAD
    0x08005c28   0x08005c28   0x000000f8   Code   RO         4650    i.L3GD20_ReadXYZAngRate  l3gd20.o
    0x08005d20   0x08005d20   0x00000022   Code   RO         4651    i.L3GD20_RebootCmd  l3gd20.o
    0x08005d42   0x08005d42   0x00000002   PAD
    0x08005d44   0x08005d44   0x000004a0   Code   RO          314    i.LLDriverCliMenu   lldrivers.o
    0x080061e4   0x080061e4   0x0000004c   Code   RO         4715    i.LSM303DLHC_AccClickITEnable  lsm303dlhc.o
    0x08006230   0x08006230   0x00000022   Code   RO         4716    i.LSM303DLHC_AccFilterClickCmd  lsm303dlhc.o
    0x08006252   0x08006252   0x00000020   Code   RO         4717    i.LSM303DLHC_AccFilterCmd  lsm303dlhc.o
    0x08006272   0x08006272   0x00000020   Code   RO         4718    i.LSM303DLHC_AccFilterConfig  lsm303dlhc.o
    0x08006292   0x08006292   0x0000001e   Code   RO         4724    i.LSM303DLHC_AccIT1Enable  lsm303dlhc.o
    0x080062b0   0x080062b0   0x00000026   Code   RO         4727    i.LSM303DLHC_AccInit  lsm303dlhc.o
    0x080062d6   0x080062d6   0x00000016   Code   RO         4728    i.LSM303DLHC_AccReadID  lsm303dlhc.o
    0x080062ec   0x080062ec   0x0000011a   Code   RO         4729    i.LSM303DLHC_AccReadXYZ  lsm303dlhc.o
    0x08006406   0x08006406   0x0000001c   Code   RO         4730    i.LSM303DLHC_AccRebootCmd  lsm303dlhc.o
    0x08006422   0x08006422   0x0000001a   Code   RO         4731    i.LSM303DLHC_AccZClickITConfig  lsm303dlhc.o
    0x0800643c   0x0800643c   0x00000170   Code   RO          490    i.MX_GPIO_Init      main.o
    0x080065ac   0x080065ac   0x00000078   Code   RO          491    i.MX_I2C1_Init      main.o
    0x08006624   0x08006624   0x00000068   Code   RO          492    i.MX_SPI1_Init      main.o
    0x0800668c   0x0800668c   0x000000c0   Code   RO          493    i.MX_TIM15_Init     main.o
    0x0800674c   0x0800674c   0x000000bc   Code   RO          494    i.MX_TIM16_Init     main.o
    0x08006808   0x08006808   0x000000b8   Code   RO          495    i.MX_TIM17_Init     main.o
    0x080068c0   0x080068c0   0x00000088   Code   RO          496    i.MX_TIM3_Init      main.o
    0x08006948   0x08006948   0x00000090   Code   RO          497    i.MX_TIM4_Init      main.o
    0x080069d8   0x080069d8   0x00000060   Code   RO          498    i.MX_TIM7_Init      main.o
    0x08006a38   0x08006a38   0x00000058   Code   RO          499    i.MX_USART1_UART_Init  main.o
    0x08006a90   0x08006a90   0x00000058   Code   RO          500    i.MX_USART2_UART_Init  main.o
    0x08006ae8   0x08006ae8   0x00000058   Code   RO          501    i.MX_USART3_UART_Init  main.o
    0x08006b40   0x08006b40   0x00000034   Code   RO          619    i.MX_USB_DEVICE_Init  usb_device.o
    0x08006b74   0x08006b74   0x0000001c   Code   RO          985    i.MemManage_Handler  stm32f3xx_it.o
    0x08006b90   0x08006b90   0x00000002   Code   RO          986    i.NMI_Handler       stm32f3xx_it.o
    0x08006b92   0x08006b92   0x00000450   Code   RO         1640    i.PCD_EP_ISR_Handler  stm32f3xx_hal_pcd.o
    0x08006fe2   0x08006fe2   0x0000004e   Code   RO         1825    i.PCD_ReadPMA       stm32f3xx_hal_pcd_ex.o
    0x08007030   0x08007030   0x0000003a   Code   RO         1826    i.PCD_WritePMA      stm32f3xx_hal_pcd_ex.o
    0x0800706a   0x0800706a   0x00000064   Code   RO         2396    i.SPI_EndRxTxTransaction  stm32f3xx_hal_spi.o
    0x080070ce   0x080070ce   0x000000b0   Code   RO         2401    i.SPI_WaitFifoStateUntilTimeout  stm32f3xx_hal_spi.o
    0x0800717e   0x0800717e   0x000000a8   Code   RO         2402    i.SPI_WaitFlagStateUntilTimeout  stm32f3xx_hal_spi.o
    0x08007226   0x08007226   0x00000002   PAD
    0x08007228   0x08007228   0x00000014   Code   RO         4954    i.SPIx_Error        stm32f3_discovery.o
    0x0800723c   0x0800723c   0x00000054   Code   RO         4955    i.SPIx_Init         stm32f3_discovery.o
    0x08007290   0x08007290   0x00000064   Code   RO         4956    i.SPIx_MspInit      stm32f3_discovery.o
    0x080072f4   0x080072f4   0x00000030   Code   RO         4957    i.SPIx_WriteRead    stm32f3_discovery.o
    0x08007324   0x08007324   0x00000068   Code   RO           16    i.StartDefaultTask  initmain.o
    0x0800738c   0x0800738c   0x00000008   Code   RO          987    i.SysTick_Handler   stm32f3xx_it.o
    0x08007394   0x08007394   0x000000c0   Code   RO          502    i.SystemClock_Config  main.o
    0x08007454   0x08007454   0x0000007c   Code   RO         4609    i.SystemInit        system_stm32f3xx.o
    0x080074d0   0x080074d0   0x00000010   Code   RO          988    i.TIM2_IRQHandler   stm32f3xx_it.o
    0x080074e0   0x080074e0   0x00000390   Code   RO           17    i.TIM7_IRQHandler   initmain.o
    0x08007870   0x08007870   0x000000bc   Code   RO         2786    i.TIM_Base_SetConfig  stm32f3xx_hal_tim.o
    0x0800792c   0x0800792c   0x0000001c   Code   RO         2787    i.TIM_CCxChannelCmd  stm32f3xx_hal_tim.o
    0x08007948   0x08007948   0x000000b0   Code   RO         2795    i.TIM_OC1_SetConfig  stm32f3xx_hal_tim.o
    0x080079f8   0x080079f8   0x000000bc   Code   RO         2796    i.TIM_OC2_SetConfig  stm32f3xx_hal_tim.o
    0x08007ab4   0x08007ab4   0x000000b8   Code   RO         2797    i.TIM_OC3_SetConfig  stm32f3xx_hal_tim.o
    0x08007b6c   0x08007b6c   0x0000007c   Code   RO         2798    i.TIM_OC4_SetConfig  stm32f3xx_hal_tim.o
    0x08007be8   0x08007be8   0x00000074   Code   RO         3397    i.TIM_OC5_SetConfig  stm32f3xx_hal_tim_ex.o
    0x08007c5c   0x08007c5c   0x00000078   Code   RO         3398    i.TIM_OC6_SetConfig  stm32f3xx_hal_tim_ex.o
    0x08007cd4   0x08007cd4   0x000000f8   Code   RO         1233    i.UART_AdvFeatureConfig  stm32f3xx_hal_uart.o
    0x08007dcc   0x08007dcc   0x00000074   Code   RO         1234    i.UART_CheckIdleState  stm32f3xx_hal_uart.o
    0x08007e40   0x08007e40   0x00000018   Code   RO         1235    i.UART_DMAAbortOnError  stm32f3xx_hal_uart.o
    0x08007e58   0x08007e58   0x00000020   Code   RO         1245    i.UART_EndRxTransfer  stm32f3xx_hal_uart.o
    0x08007e78   0x08007e78   0x00000020   Code   RO         1246    i.UART_EndTransmit_IT  stm32f3xx_hal_uart.o
    0x08007e98   0x08007e98   0x0000008a   Code   RO         1248    i.UART_Receive_IT   stm32f3xx_hal_uart.o
    0x08007f22   0x08007f22   0x00000002   PAD
    0x08007f24   0x08007f24   0x000002ec   Code   RO         1249    i.UART_SetConfig    stm32f3xx_hal_uart.o
    0x08008210   0x08008210   0x0000006a   Code   RO         1250    i.UART_Transmit_IT  stm32f3xx_hal_uart.o
    0x0800827a   0x0800827a   0x0000006c   Code   RO         1251    i.UART_WaitOnFlagUntilTimeout  stm32f3xx_hal_uart.o
    0x080082e6   0x080082e6   0x00000002   PAD
    0x080082e8   0x080082e8   0x0000004c   Code   RO           18    i.USART1_IRQHandler  initmain.o
    0x08008334   0x08008334   0x00000010   Code   RO          989    i.USART2_IRQHandler  stm32f3xx_it.o
    0x08008344   0x08008344   0x00000028   Code   RO           19    i.USART3_IRQHandler  initmain.o
    0x0800836c   0x0800836c   0x0000001a   Code   RO         6470    i.USBD_CDC_DataIn   usbd_cdc.o
    0x08008386   0x08008386   0x00000034   Code   RO         6471    i.USBD_CDC_DataOut  usbd_cdc.o
    0x080083ba   0x080083ba   0x00000040   Code   RO         6472    i.USBD_CDC_DeInit   usbd_cdc.o
    0x080083fa   0x080083fa   0x00000032   Code   RO         6473    i.USBD_CDC_EP0_RxReady  usbd_cdc.o
    0x0800842c   0x0800842c   0x00000010   Code   RO         6474    i.USBD_CDC_GetDeviceQualifierDescriptor  usbd_cdc.o
    0x0800843c   0x0800843c   0x00000010   Code   RO         6475    i.USBD_CDC_GetFSCfgDesc  usbd_cdc.o
    0x0800844c   0x0800844c   0x00000010   Code   RO         6476    i.USBD_CDC_GetHSCfgDesc  usbd_cdc.o
    0x0800845c   0x0800845c   0x00000010   Code   RO         6477    i.USBD_CDC_GetOtherSpeedCfgDesc  usbd_cdc.o
    0x0800846c   0x0800846c   0x000000a6   Code   RO         6478    i.USBD_CDC_Init     usbd_cdc.o
    0x08008512   0x08008512   0x0000003a   Code   RO         6479    i.USBD_CDC_ReceivePacket  usbd_cdc.o
    0x0800854c   0x0800854c   0x0000000e   Code   RO         6480    i.USBD_CDC_RegisterInterface  usbd_cdc.o
    0x0800855a   0x0800855a   0x0000000e   Code   RO         6481    i.USBD_CDC_SetRxBuffer  usbd_cdc.o
    0x08008568   0x08008568   0x00000014   Code   RO         6482    i.USBD_CDC_SetTxBuffer  usbd_cdc.o
    0x0800857c   0x0800857c   0x00000090   Code   RO         6483    i.USBD_CDC_Setup    usbd_cdc.o
    0x0800860c   0x0800860c   0x00000038   Code   RO         6484    i.USBD_CDC_TransmitPacket  usbd_cdc.o
    0x08008644   0x08008644   0x00000016   Code   RO         6177    i.USBD_ClrClassConfig  usbd_core.o
    0x0800865a   0x0800865a   0x00000044   Code   RO         6315    i.USBD_ClrFeature   usbd_ctlreq.o
    0x0800869e   0x0800869e   0x00000018   Code   RO         6410    i.USBD_CtlContinueRx  usbd_ioreq.o
    0x080086b6   0x080086b6   0x00000018   Code   RO         6411    i.USBD_CtlContinueSendData  usbd_ioreq.o
    0x080086ce   0x080086ce   0x00000018   Code   RO         6316    i.USBD_CtlError     usbd_ctlreq.o
    0x080086e6   0x080086e6   0x00000028   Code   RO         6412    i.USBD_CtlPrepareRx  usbd_ioreq.o
    0x0800870e   0x0800870e   0x0000001a   Code   RO         6413    i.USBD_CtlReceiveStatus  usbd_ioreq.o
    0x08008728   0x08008728   0x00000022   Code   RO         6414    i.USBD_CtlSendData  usbd_ioreq.o
    0x0800874a   0x0800874a   0x0000001a   Code   RO         6415    i.USBD_CtlSendStatus  usbd_ioreq.o
    0x08008764   0x08008764   0x00000034   Code   RO          863    i.USBD_FS_ConfigStrDescriptor  usbd_desc.o
    0x08008798   0x08008798   0x00000010   Code   RO          864    i.USBD_FS_DeviceDescriptor  usbd_desc.o
    0x080087a8   0x080087a8   0x00000038   Code   RO          865    i.USBD_FS_InterfaceStrDescriptor  usbd_desc.o
    0x080087e0   0x080087e0   0x00000010   Code   RO          866    i.USBD_FS_LangIDStrDescriptor  usbd_desc.o
    0x080087f0   0x080087f0   0x0000002c   Code   RO          867    i.USBD_FS_ManufacturerStrDescriptor  usbd_desc.o
    0x0800881c   0x0800881c   0x00000040   Code   RO          868    i.USBD_FS_ProductStrDescriptor  usbd_desc.o
    0x0800885c   0x0800885c   0x00000038   Code   RO          869    i.USBD_FS_SerialStrDescriptor  usbd_desc.o
    0x08008894   0x08008894   0x00000050   Code   RO         6317    i.USBD_GetConfig    usbd_ctlreq.o
    0x080088e4   0x080088e4   0x00000148   Code   RO         6318    i.USBD_GetDescriptor  usbd_ctlreq.o
    0x08008a2c   0x08008a2c   0x00000014   Code   RO         6319    i.USBD_GetLen       usbd_ctlreq.o
    0x08008a40   0x08008a40   0x00000044   Code   RO         6320    i.USBD_GetStatus    usbd_ctlreq.o
    0x08008a84   0x08008a84   0x00000052   Code   RO         6321    i.USBD_GetString    usbd_ctlreq.o
    0x08008ad6   0x08008ad6   0x00000032   Code   RO         6179    i.USBD_Init         usbd_core.o
    0x08008b08   0x08008b08   0x00000044   Code   RO          670    i.USBD_LL_ClearStallEP  usbd_conf.o
    0x08008b4c   0x08008b4c   0x00000044   Code   RO          671    i.USBD_LL_CloseEP   usbd_conf.o
    0x08008b90   0x08008b90   0x000000da   Code   RO         6180    i.USBD_LL_DataInStage  usbd_core.o
    0x08008c6a   0x08008c6a   0x00000086   Code   RO         6181    i.USBD_LL_DataOutStage  usbd_core.o
    0x08008cf0   0x08008cf0   0x00000012   Code   RO          675    i.USBD_LL_GetRxDataSize  usbd_conf.o
    0x08008d02   0x08008d02   0x00000002   PAD
    0x08008d04   0x08008d04   0x000000a4   Code   RO          676    i.USBD_LL_Init      usbd_conf.o
    0x08008da8   0x08008da8   0x00000038   Code   RO          677    i.USBD_LL_IsStallEP  usbd_conf.o
    0x08008de0   0x08008de0   0x00000062   Code   RO          678    i.USBD_LL_OpenEP    usbd_conf.o
    0x08008e42   0x08008e42   0x00000062   Code   RO          679    i.USBD_LL_PrepareReceive  usbd_conf.o
    0x08008ea4   0x08008ea4   0x00000044   Code   RO         6186    i.USBD_LL_Reset     usbd_core.o
    0x08008ee8   0x08008ee8   0x0000000e   Code   RO         6187    i.USBD_LL_Resume    usbd_core.o
    0x08008ef6   0x08008ef6   0x00000022   Code   RO         6188    i.USBD_LL_SOF       usbd_core.o
    0x08008f18   0x08008f18   0x00000008   Code   RO         6189    i.USBD_LL_SetSpeed  usbd_core.o
    0x08008f20   0x08008f20   0x00000044   Code   RO          680    i.USBD_LL_SetUSBAddress  usbd_conf.o
    0x08008f64   0x08008f64   0x0000006e   Code   RO         6190    i.USBD_LL_SetupStage  usbd_core.o
    0x08008fd2   0x08008fd2   0x00000044   Code   RO          681    i.USBD_LL_StallEP   usbd_conf.o
    0x08009016   0x08009016   0x0000003c   Code   RO          682    i.USBD_LL_Start     usbd_conf.o
    0x08009052   0x08009052   0x00000014   Code   RO         6191    i.USBD_LL_Suspend   usbd_core.o
    0x08009066   0x08009066   0x00000062   Code   RO          684    i.USBD_LL_Transmit  usbd_conf.o
    0x080090c8   0x080090c8   0x00000028   Code   RO         6322    i.USBD_ParseSetupRequest  usbd_ctlreq.o
    0x080090f0   0x080090f0   0x00000010   Code   RO         6192    i.USBD_RegisterClass  usbd_core.o
    0x08009100   0x08009100   0x00000006   Code   RO         6193    i.USBD_RunTestMode  usbd_core.o
    0x08009106   0x08009106   0x00000054   Code   RO         6323    i.USBD_SetAddress   usbd_ctlreq.o
    0x0800915a   0x0800915a   0x00000022   Code   RO         6194    i.USBD_SetClassConfig  usbd_core.o
    0x0800917c   0x0800917c   0x000000e0   Code   RO         6324    i.USBD_SetConfig    usbd_ctlreq.o
    0x0800925c   0x0800925c   0x00000024   Code   RO         6325    i.USBD_SetFeature   usbd_ctlreq.o
    0x08009280   0x08009280   0x0000000e   Code   RO         6195    i.USBD_Start        usbd_core.o
    0x0800928e   0x0800928e   0x00000072   Code   RO         6326    i.USBD_StdDevReq    usbd_ctlreq.o
    0x08009300   0x08009300   0x00000156   Code   RO         6327    i.USBD_StdEPReq     usbd_ctlreq.o
    0x08009456   0x08009456   0x0000004a   Code   RO         6328    i.USBD_StdItfReq    usbd_ctlreq.o
    0x080094a0   0x080094a0   0x00000002   Code   RO          685    i.USBD_static_free  usbd_conf.o
    0x080094a2   0x080094a2   0x00000002   PAD
    0x080094a4   0x080094a4   0x0000000c   Code   RO          686    i.USBD_static_malloc  usbd_conf.o
    0x080094b0   0x080094b0   0x00000010   Code   RO          990    i.USB_LP_CAN_RX0_IRQHandler  stm32f3xx_it.o
    0x080094c0   0x080094c0   0x0000001c   Code   RO          991    i.UsageFault_Handler  stm32f3xx_it.o
    0x080094dc   0x080094dc   0x00000050   Code   RO          503    i._Error_Handler    main.o
    0x0800952c   0x0800952c   0x00000020   Code   RO         6940    i.__0printf         mc_w.l(printfa.o)
    0x0800954c   0x0800954c   0x00000028   Code   RO         6942    i.__0sprintf        mc_w.l(printfa.o)
    0x08009574   0x08009574   0x00000030   Code   RO         7006    i.__ARM_fpclassify  m_wm.l(fpclassify.o)
    0x080095a4   0x080095a4   0x00000010   Code   RO         4139    i.__NVIC_GetPriorityGrouping  stm32f3xx_hal_cortex.o
    0x080095b4   0x080095b4   0x00000028   Code   RO         4140    i.__NVIC_SetPriority  stm32f3xx_hal_cortex.o
    0x080095dc   0x080095dc   0x00000008   Code   RO         7032    i.__aeabi_errno_addr  mc_w.l(errno.o)
    0x080095e4   0x080095e4   0x00000004   PAD
    0x080095e8   0x080095e8   0x000002d8   Code   RO         6655    i.__hardfp_atan     m_wm.l(atan.o)
    0x080098c0   0x080098c0   0x00000038   Code   RO         6669    i.__hardfp_atof     m_wm.l(atof.o)
    0x080098f8   0x080098f8   0x0000007a   Code   RO         6675    i.__hardfp_sqrt     m_wm.l(sqrt.o)
    0x08009972   0x08009972   0x000000f8   Code   RO         7008    i.__kernel_poly     m_wm.l(poly.o)
    0x08009a6a   0x08009a6a   0x00000014   Code   RO         6987    i.__mathlib_dbl_infnan  m_wm.l(dunder.o)
    0x08009a7e   0x08009a7e   0x00000002   PAD
    0x08009a80   0x08009a80   0x00000020   Code   RO         6992    i.__mathlib_dbl_underflow  m_wm.l(dunder.o)
    0x08009aa0   0x08009aa0   0x0000000c   Code   RO         7033    i.__read_errno      mc_w.l(errno.o)
    0x08009aac   0x08009aac   0x0000000e   Code   RO         7105    i.__scatterload_copy  mc_w.l(handlers.o)
    0x08009aba   0x08009aba   0x00000002   Code   RO         7106    i.__scatterload_null  mc_w.l(handlers.o)
    0x08009abc   0x08009abc   0x0000000e   Code   RO         7107    i.__scatterload_zeroinit  mc_w.l(handlers.o)
    0x08009aca   0x08009aca   0x00000002   PAD
    0x08009acc   0x08009acc   0x0000000c   Code   RO         7034    i.__set_errno       mc_w.l(errno.o)
    0x08009ad8   0x08009ad8   0x00000184   Code   RO         6947    i._fp_digits        mc_w.l(printfa.o)
    0x08009c5c   0x08009c5c   0x0000000e   Code   RO         7090    i._is_digit         mc_w.l(scanf_fp.o)
    0x08009c6a   0x08009c6a   0x00000002   PAD
    0x08009c6c   0x08009c6c   0x000006dc   Code   RO         6948    i._printf_core      mc_w.l(printfa.o)
    0x0800a348   0x0800a348   0x00000024   Code   RO         6949    i._printf_post_padding  mc_w.l(printfa.o)
    0x0800a36c   0x0800a36c   0x0000002e   Code   RO         6950    i._printf_pre_padding  mc_w.l(printfa.o)
    0x0800a39a   0x0800a39a   0x0000000a   Code   RO         6952    i._sputc            mc_w.l(printfa.o)
    0x0800a3a4   0x0800a3a4   0x00000154   Code   RO          316    i.calculatePID      lldrivers.o
    0x0800a4f8   0x0800a4f8   0x00000080   Code   RO          317    i.debugPrint        lldrivers.o
    0x0800a578   0x0800a578   0x00000024   Code   RO          318    i.enableLeftMDriver  lldrivers.o
    0x0800a59c   0x0800a59c   0x00000022   Code   RO          319    i.enableRightMDriver  lldrivers.o
    0x0800a5be   0x0800a5be   0x00000018   Code   RO         7002    i.fabs              m_wm.l(fabs.o)
    0x0800a5d6   0x0800a5d6   0x00000002   PAD
    0x0800a5d8   0x0800a5d8   0x0000001c   Code   RO          504    i.fputc             main.o
    0x0800a5f4   0x0800a5f4   0x000001dc   Code   RO          320    i.getAccelAngle     lldrivers.o
    0x0800a7d0   0x0800a7d0   0x00000034   Code   RO          321    i.init_PWMTimers    lldrivers.o
    0x0800a804   0x0800a804   0x00000070   Code   RO          322    i.initialiseParam   lldrivers.o
    0x0800a874   0x0800a874   0x00000098   Code   RO          505    i.main              main.o
    0x0800a90c   0x0800a90c   0x0000000e   Code   RO         5660    i.makeFreeRtosPriority  cmsis_os.o
    0x0800a91a   0x0800a91a   0x00000018   Code   RO         5662    i.osDelay           cmsis_os.o
    0x0800a932   0x0800a932   0x0000000a   Code   RO         5665    i.osKernelStart     cmsis_os.o
    0x0800a93c   0x0800a93c   0x00000010   Code   RO         5698    i.osSystickHandler  cmsis_os.o
    0x0800a94c   0x0800a94c   0x00000030   Code   RO         5699    i.osThreadCreate    cmsis_os.o
    0x0800a97c   0x0800a97c   0x00000008   Code   RO         5700    i.osThreadGetId     cmsis_os.o
    0x0800a984   0x0800a984   0x0000005c   Code   RO           20    i.printSerial       initmain.o
    0x0800a9e0   0x0800a9e0   0x00000098   Code   RO         5090    i.prvAddCurrentTaskToDelayedList  tasks.o
    0x0800aa78   0x0800aa78   0x000000b4   Code   RO         5091    i.prvAddNewTaskToReadyList  tasks.o
    0x0800ab2c   0x0800ab2c   0x00000064   Code   RO         5092    i.prvCheckTasksWaitingTermination  tasks.o
    0x0800ab90   0x0800ab90   0x00000012   Code   RO         5093    i.prvDeleteTCB      tasks.o
    0x0800aba2   0x0800aba2   0x00000002   PAD
    0x0800aba4   0x0800aba4   0x0000007c   Code   RO         6036    i.prvHeapInit       heap_4.o
    0x0800ac20   0x0800ac20   0x00000028   Code   RO         5094    i.prvIdleTask       tasks.o
    0x0800ac48   0x0800ac48   0x000000aa   Code   RO         5095    i.prvInitialiseNewTask  tasks.o
    0x0800acf2   0x0800acf2   0x00000002   PAD
    0x0800acf4   0x0800acf4   0x00000068   Code   RO         5096    i.prvInitialiseTaskLists  tasks.o
    0x0800ad5c   0x0800ad5c   0x00000068   Code   RO         6037    i.prvInsertBlockIntoFreeList  heap_4.o
    0x0800adc4   0x0800adc4   0x00000034   Code   RO         5097    i.prvResetNextTaskUnblockTime  tasks.o
    0x0800adf8   0x0800adf8   0x00000040   Code   RO         6098    i.prvTaskExitError  port.o
    0x0800ae38   0x0800ae38   0x0000013c   Code   RO         6038    i.pvPortMalloc      heap_4.o
    0x0800af74   0x0800af74   0x0000002c   Code   RO         6099    i.pxPortInitialiseStack  port.o
    0x0800afa0   0x0800afa0   0x00000024   Code   RO          323    i.setLeftStepperDir  lldrivers.o
    0x0800afc4   0x0800afc4   0x000000bc   Code   RO          324    i.setLeftStepperMode  lldrivers.o
    0x0800b080   0x0800b080   0x00000158   Code   RO          325    i.setMotorCmd       lldrivers.o
    0x0800b1d8   0x0800b1d8   0x00000024   Code   RO          326    i.setRightStepperDir  lldrivers.o
    0x0800b1fc   0x0800b1fc   0x000000cc   Code   RO          327    i.setRightStepperMode  lldrivers.o
    0x0800b2c8   0x0800b2c8   0x00000034   Code   RO          328    i.setStepperAngleDir  lldrivers.o
    0x0800b2fc   0x0800b2fc   0x00000012   Code   RO          329    i.setStepperMotorMode  lldrivers.o
    0x0800b30e   0x0800b30e   0x00000002   PAD
    0x0800b310   0x0800b310   0x00000104   Code   RO          330    i.stateManage       lldrivers.o
    0x0800b414   0x0800b414   0x00000028   Code   RO         5542    i.uxListRemove      list.o
    0x0800b43c   0x0800b43c   0x0000001a   Code   RO         5543    i.vListInitialise   list.o
    0x0800b456   0x0800b456   0x00000006   Code   RO         5544    i.vListInitialiseItem  list.o
    0x0800b45c   0x0800b45c   0x00000034   Code   RO         5545    i.vListInsert       list.o
    0x0800b490   0x0800b490   0x00000018   Code   RO         5546    i.vListInsertEnd    list.o
    0x0800b4a8   0x0800b4a8   0x00000054   Code   RO         6101    i.vPortEnterCritical  port.o
    0x0800b4fc   0x0800b4fc   0x0000003c   Code   RO         6102    i.vPortExitCritical  port.o
    0x0800b538   0x0800b538   0x00000094   Code   RO         6039    i.vPortFree         heap_4.o
    0x0800b5cc   0x0800b5cc   0x00000020   Code   RO         6103    i.vPortSetupTimerInterrupt  port.o
    0x0800b5ec   0x0800b5ec   0x0000005c   Code   RO         5105    i.vTaskDelay        tasks.o
    0x0800b648   0x0800b648   0x00000088   Code   RO         5116    i.vTaskStartScheduler  tasks.o
    0x0800b6d0   0x0800b6d0   0x00000010   Code   RO         5118    i.vTaskSuspendAll   tasks.o
    0x0800b6e0   0x0800b6e0   0x0000008c   Code   RO         5119    i.vTaskSwitchContext  tasks.o
    0x0800b76c   0x0800b76c   0x0000013c   Code   RO         6105    i.xPortStartScheduler  port.o
    0x0800b8a8   0x0800b8a8   0x00000034   Code   RO         6106    i.xPortSysTickHandler  port.o
    0x0800b8dc   0x0800b8dc   0x00000060   Code   RO         5121    i.xTaskCreate       tasks.o
    0x0800b93c   0x0800b93c   0x0000000c   Code   RO         5124    i.xTaskGetCurrentTaskHandle  tasks.o
    0x0800b948   0x0800b948   0x00000020   Code   RO         5125    i.xTaskGetSchedulerState  tasks.o
    0x0800b968   0x0800b968   0x00000148   Code   RO         5128    i.xTaskIncrementTick  tasks.o
    0x0800bab0   0x0800bab0   0x00000104   Code   RO         5134    i.xTaskResumeAll    tasks.o
    0x0800bbb4   0x0800bbb4   0x0000003c   Data   RO          507    .constdata          main.o
    0x0800bbf0   0x0800bbf0   0x00000020   Data   RO         3822    .constdata          stm32f3xx_hal_rcc.o
    0x0800bc10   0x0800bc10   0x00000018   Data   RO         4610    .constdata          system_stm32f3xx.o
    0x0800bc28   0x0800bc28   0x00000098   Data   RO         6658    .constdata          m_wm.l(atan.o)
    0x0800bcc0   0x0800bcc0   0x00000081   Data   RO         7061    .constdata          mc_w.l(ctype_o.o)
    0x0800bd41   0x0800bd41   0x00000003   PAD
    0x0800bd44   0x0800bd44   0x00000004   Data   RO         7062    .constdata          mc_w.l(ctype_o.o)
    0x0800bd48   0x0800bd48   0x0000005d   Data   RO          333    .conststring        lldrivers.o
    0x0800bda5   0x0800bda5   0x00000003   PAD
    0x0800bda8   0x0800bda8   0x00000028   Data   RO          508    .conststring        main.o
    0x0800bdd0   0x0800bdd0   0x00000020   Data   RO         7103    Region$$Table       anon$$obj.o


    Execution Region RW_IRAM1 (Exec base: 0x20000000, Load base: 0x0800bdf0, Size: 0x00003db0, Max: 0x0000a000, ABSOLUTE, COMPRESSED[0x0000011c])

    Exec Addr    Load Addr    Size         Type   Attr      Idx    E Section Name        Object

    0x20000000   COMPRESSED   0x00000084   Data   RW           23    .data               initmain.o
    0x20000084   COMPRESSED   0x00000004   PAD
    0x20000088   COMPRESSED   0x00000080   Data   RW          334    .data               lldrivers.o
    0x20000108   COMPRESSED   0x0000000c   Data   RW          509    .data               main.o
    0x20000114   COMPRESSED   0x00000034   Data   RW          871    .data               usbd_desc.o
    0x20000148   COMPRESSED   0x00000010   Data   RW          936    .data               usbd_cdc_if.o
    0x20000158   COMPRESSED   0x00000009   Data   RW         3659    .data               stm32f3xx_hal.o
    0x20000161   COMPRESSED   0x00000003   PAD
    0x20000164   COMPRESSED   0x00000004   Data   RW         4611    .data               system_stm32f3xx.o
    0x20000168   COMPRESSED   0x0000002c   Data   RW         4652    .data               l3gd20.o
    0x20000194   COMPRESSED   0x00000036   Data   RW         4732    .data               lsm303dlhc.o
    0x200001ca   COMPRESSED   0x00000002   PAD
    0x200001cc   COMPRESSED   0x00000004   Data   RW         4840    .data               stm32f3_discovery_accelerometer.o
    0x200001d0   COMPRESSED   0x00000004   Data   RW         4882    .data               stm32f3_discovery_gyroscope.o
    0x200001d4   COMPRESSED   0x0000002c   Data   RW         4960    .data               stm32f3_discovery.o
    0x20000200   COMPRESSED   0x0000003c   Data   RW         5137    .data               tasks.o
    0x2000023c   COMPRESSED   0x00000018   Data   RW         6044    .data               heap_4.o
    0x20000254   COMPRESSED   0x0000000c   Data   RW         6107    .data               port.o
    0x20000260   COMPRESSED   0x00000001   Data   RW         6329    .data               usbd_ctlreq.o
    0x20000261   COMPRESSED   0x00000003   PAD
    0x20000264   COMPRESSED   0x00000110   Data   RW         6485    .data               usbd_cdc.o
    0x20000374   COMPRESSED   0x00000004   Data   RW         6695    .data               mc_w.l(stdout.o)
    0x20000378   COMPRESSED   0x00000004   Data   RW         7035    .data               mc_w.l(errno.o)
    0x2000037c        -       0x00000052   Zero   RW           21    .bss                initmain.o
    0x200003ce   COMPRESSED   0x00000002   PAD
    0x200003d0        -       0x000012c4   Zero   RW          332    .bss                lldrivers.o
    0x20001694        -       0x00000380   Zero   RW          506    .bss                main.o
    0x20001a14        -       0x00000224   Zero   RW          620    .bss                usb_device.o
    0x20001c38        -       0x000005c8   Zero   RW          687    .bss                usbd_conf.o
    0x20002200        -       0x00000200   Zero   RW          870    .bss                usbd_desc.o
    0x20002400        -       0x000007d0   Zero   RW          935    .bss                usbd_cdc_if.o
    0x20002bd0        -       0x00000040   Zero   RW         1157    .bss                stm32f3xx_hal_timebase_tim.o
    0x20002c10        -       0x000000b0   Zero   RW         4958    .bss                stm32f3_discovery.o
    0x20002cc0        -       0x000000f0   Zero   RW         5136    .bss                tasks.o
    0x20002db0        -       0x00000c00   Zero   RW         6043    .bss                heap_4.o
    0x200039b0        -       0x00000400   Zero   RW            1    STACK               startup_stm32f303xc.o


==============================================================================

Image component sizes


      Code (inc. data)   RO Data    RW Data    ZI Data      Debug   Object Name

       120          0          0          0          0      14066   cmsis_os.o
       692         62          0         24       3072       7611   heap_4.o
      1568        226          0        132         82     639753   initmain.o
       668         16          0         44          0       5996   l3gd20.o
       148          0          0          0          0       3802   list.o
      4360        674         93        128       4804      18362   lldrivers.o
       600          0          0         54          0       7184   lsm303dlhc.o
      2266        388        100         12        896      11751   main.o
       838         78          0         12          0      11536   port.o
        36          8        392          0       1024        876   startup_stm32f303xc.o
      1088        112          0         44        176      11949   stm32f3_discovery.o
       220         14          0          4          0       2094   stm32f3_discovery_accelerometer.o
       212         12          0          4          0       2054   stm32f3_discovery_gyroscope.o
       116         24          0          9          0      13006   stm32f3xx_hal.o
       344         22          0          0          0      35565   stm32f3xx_hal_cortex.o
        88          0          0          0          0       1139   stm32f3xx_hal_dma.o
       762         54          0          0          0       3899   stm32f3xx_hal_gpio.o
      1930         34          0          0          0      13366   stm32f3xx_hal_i2c.o
       212          0          0          0          0       2071   stm32f3xx_hal_i2c_ex.o
      1184        136          0          0          0       6764   stm32f3xx_hal_msp.o
      4928          0          0          0          0      12489   stm32f3xx_hal_pcd.o
       204          0          0          0          0       3135   stm32f3xx_hal_pcd_ex.o
      3552        102         32          0          0       7337   stm32f3xx_hal_rcc.o
       744         14          0          0          0       1684   stm32f3xx_hal_rcc_ex.o
      1358          0          0          0          0       7033   stm32f3xx_hal_spi.o
      1582        148          0          0          0      11646   stm32f3xx_hal_tim.o
       914         70          0          0          0       6729   stm32f3xx_hal_tim_ex.o
       132         12          0          0         64       1612   stm32f3xx_hal_timebase_tim.o
      2320         38          0          0          0      11709   stm32f3xx_hal_uart.o
         2          0          0          0          0       1036   stm32f3xx_hal_uart_ex.o
       196         68          0          0          0       5153   stm32f3xx_it.o
       124         20         24          4          0       1283   system_stm32f3xx.o
      1928        284          0         60        240      25806   tasks.o
         0          0          0          0          0       1472   timers.o
        52         16          0          0        548        792   usb_device.o
       728         30          0        272          0      13882   usbd_cdc.o
       252         46          0         16       2000       3808   usbd_cdc_if.o
      1172         50          0          0       1480      15669   usbd_conf.o
       748          0          0          0          0      10811   usbd_core.o
      1584         30          0          1          0      11452   usbd_ctlreq.o
       304        128          0         52        512       5735   usbd_desc.o
       174          0          0          0          0       4992   usbd_ioreq.o

    ----------------------------------------------------------------------
     40490       2916        676        884      14900     978109   Object Totals
         0          0         32          0          0          0   (incl. Generated)
        40          0          3         12          2          0   (incl. Padding)

    ----------------------------------------------------------------------

      Code (inc. data)   RO Data    RW Data    ZI Data      Debug   Library Member Name

       728        106        152          0          0        228   atan.o
        56         12          0          0          0        132   atof.o
        52          8          0          0          0        248   dunder.o
        24          0          0          0          0        124   fabs.o
        48          0          0          0          0        124   fpclassify.o
       248          0          0          0          0        152   poly.o
       122          0          0          0          0        148   sqrt.o
        86          0          0          0          0          0   __dczerorl2.o
        28          0          0          0          0         68   _chval.o
        64          0          0          0          0         84   _sgetc.o
       158          0          0          0          0         92   _strtoul.o
        26          0          0          0          0         80   atoi.o
         8          4        133          0          0         68   ctype_o.o
         0          0          0          0          0          0   entry.o
         0          0          0          0          0          0   entry10a.o
         0          0          0          0          0          0   entry11a.o
         8          4          0          0          0          0   entry2.o
         4          0          0          0          0          0   entry5.o
         0          0          0          0          0          0   entry7b.o
         0          0          0          0          0          0   entry8b.o
         8          4          0          0          0          0   entry9a.o
        32         16          0          4          0        204   errno.o
        30          0          0          0          0          0   handlers.o
        36          8          0          0          0         68   init.o
        18          0          0          0          0         76   isspace_o.o
         0          0          0          0          0          0   iusefp.o
        30          0          0          0          0         68   llshl.o
        36          0          0          0          0         68   llsshr.o
        32          0          0          0          0         68   llushr.o
        36          0          0          0          0         68   memcpya.o
        36          0          0          0          0        108   memseta.o
      2308         96          0          0          0        604   printfa.o
       878         12          0          0          0        216   scanf_fp.o
         0          0          0          4          0          0   stdout.o
        14          0          0          0          0         68   strlen.o
       156         12          0          0          0        120   strtod.o
       112          0          0          0          0         88   strtol.o
        44          0          0          0          0         80   uidiv.o
        98          0          0          0          0         92   uldiv.o
        48          0          0          0          0         68   cdcmple.o
        48          0          0          0          0         68   cdrcmple.o
        56          0          0          0          0         88   d2f.o
       334          0          0          0          0        148   dadd.o
       222          0          0          0          0        100   ddiv.o
       186          0          0          0          0        176   depilogue.o
        50          0          0          0          0         76   dfixui.o
        48          0          0          0          0         68   dfixul.o
        34          0          0          0          0         76   dflti.o
        24          0          0          0          0         76   dfltul.o
       228          0          0          0          0         96   dmul.o
       162          0          0          0          0        100   dsqrt.o
        38          0          0          0          0         68   f2d.o
       110          0          0          0          0        168   fepilogue.o

    ----------------------------------------------------------------------
      7170        286        288          8          0       4920   Library Totals
        18          4          3          0          0          0   (incl. Padding)

    ----------------------------------------------------------------------

      Code (inc. data)   RO Data    RW Data    ZI Data      Debug   Library Name

      1278        126        152          0          0       1156   m_wm.l
      4286        156        133          8          0       2388   mc_w.l
      1588          0          0          0          0       1376   mf_w.l

    ----------------------------------------------------------------------
      7170        286        288          8          0       4920   Library Totals

    ----------------------------------------------------------------------

==============================================================================


      Code (inc. data)   RO Data    RW Data    ZI Data      Debug   

     47660       3202        964        892      14900     948185   Grand Totals
     47660       3202        964        284      14900     948185   ELF Image Totals (compressed)
     47660       3202        964        284          0          0   ROM Totals

==============================================================================

    Total RO  Size (Code + RO Data)                48624 (  47.48kB)
    Total RW  Size (RW Data + ZI Data)             15792 (  15.42kB)
    Total ROM Size (Code + RO Data + RW Data)      48908 (  47.76kB)

==============================================================================

